Archive member included to satisfy reference by file (symbol)

c:/program files (x86)/atollic/truestudio for stm32 9.2.0/armtools/bin/../lib/gcc/arm-atollic-eabi/6.3.1/../../../../arm-atollic-eabi/lib/armv7e-m/fpu\libc_nano.a(lib_a-init.o)
                              startup\startup_stm32l475xx.o (__libc_init_array)
c:/program files (x86)/atollic/truestudio for stm32 9.2.0/armtools/bin/../lib/gcc/arm-atollic-eabi/6.3.1/../../../../arm-atollic-eabi/lib/armv7e-m/fpu\libc_nano.a(lib_a-memcpy-stub.o)
                              Drivers\BSP\Components\m24sr\m24sr.o (memcpy)
c:/program files (x86)/atollic/truestudio for stm32 9.2.0/armtools/bin/../lib/gcc/arm-atollic-eabi/6.3.1/../../../../arm-atollic-eabi/lib/armv7e-m/fpu\libc_nano.a(lib_a-memset.o)
                              Drivers\BSP\Components\m24sr\m24sr.o (memset)
c:/program files (x86)/atollic/truestudio for stm32 9.2.0/armtools/bin/../lib/gcc/arm-atollic-eabi/6.3.1/../../../../arm-atollic-eabi/lib/armv7e-m/fpu\libc_nano.a(lib_a-nano-vfprintf_float.o)
                              (_printf_float)
c:/program files (x86)/atollic/truestudio for stm32 9.2.0/armtools/bin/../lib/gcc/arm-atollic-eabi/6.3.1/../../../../arm-atollic-eabi/lib/armv7e-m/fpu\libc_nano.a(lib_a-nano-vfprintf_i.o)
                              c:/program files (x86)/atollic/truestudio for stm32 9.2.0/armtools/bin/../lib/gcc/arm-atollic-eabi/6.3.1/../../../../arm-atollic-eabi/lib/armv7e-m/fpu\libc_nano.a(lib_a-nano-vfprintf_float.o) (_printf_common)
c:/program files (x86)/atollic/truestudio for stm32 9.2.0/armtools/bin/../lib/gcc/arm-atollic-eabi/6.3.1/../../../../arm-atollic-eabi/lib/armv7e-m/fpu\libc_nano.a(lib_a-puts.o)
                              Src\vl53l0x\vl53l0x_tof.o (puts)
c:/program files (x86)/atollic/truestudio for stm32 9.2.0/armtools/bin/../lib/gcc/arm-atollic-eabi/6.3.1/../../../../arm-atollic-eabi/lib/armv7e-m/fpu\libc_nano.a(lib_a-sprintf.o)
                              Src\stm32l4xx_it.o (sprintf)
c:/program files (x86)/atollic/truestudio for stm32 9.2.0/armtools/bin/../lib/gcc/arm-atollic-eabi/6.3.1/../../../../arm-atollic-eabi/lib/armv7e-m/fpu\libc_nano.a(lib_a-strcpy.o)
                              Src\vl53l0x\vl53l0x_api_core.o (strcpy)
c:/program files (x86)/atollic/truestudio for stm32 9.2.0/armtools/bin/../lib/gcc/arm-atollic-eabi/6.3.1/../../../../arm-atollic-eabi/lib/armv7e-m/fpu\libc_nano.a(lib_a-strlen.o)
                              Src\stm32l4xx_it.o (strlen)
c:/program files (x86)/atollic/truestudio for stm32 9.2.0/armtools/bin/../lib/gcc/arm-atollic-eabi/6.3.1/../../../../arm-atollic-eabi/lib/armv7e-m/fpu\libc_nano.a(lib_a-wbuf.o)
                              c:/program files (x86)/atollic/truestudio for stm32 9.2.0/armtools/bin/../lib/gcc/arm-atollic-eabi/6.3.1/../../../../arm-atollic-eabi/lib/armv7e-m/fpu\libc_nano.a(lib_a-puts.o) (__swbuf_r)
c:/program files (x86)/atollic/truestudio for stm32 9.2.0/armtools/bin/../lib/gcc/arm-atollic-eabi/6.3.1/../../../../arm-atollic-eabi/lib/armv7e-m/fpu\libc_nano.a(lib_a-wsetup.o)
                              c:/program files (x86)/atollic/truestudio for stm32 9.2.0/armtools/bin/../lib/gcc/arm-atollic-eabi/6.3.1/../../../../arm-atollic-eabi/lib/armv7e-m/fpu\libc_nano.a(lib_a-puts.o) (__swsetup_r)
c:/program files (x86)/atollic/truestudio for stm32 9.2.0/armtools/bin/../lib/gcc/arm-atollic-eabi/6.3.1/../../../../arm-atollic-eabi/lib/armv7e-m/fpu\libc_nano.a(lib_a-dtoa.o)
                              c:/program files (x86)/atollic/truestudio for stm32 9.2.0/armtools/bin/../lib/gcc/arm-atollic-eabi/6.3.1/../../../../arm-atollic-eabi/lib/armv7e-m/fpu\libc_nano.a(lib_a-nano-vfprintf_float.o) (_dtoa_r)
c:/program files (x86)/atollic/truestudio for stm32 9.2.0/armtools/bin/../lib/gcc/arm-atollic-eabi/6.3.1/../../../../arm-atollic-eabi/lib/armv7e-m/fpu\libc_nano.a(lib_a-fflush.o)
                              c:/program files (x86)/atollic/truestudio for stm32 9.2.0/armtools/bin/../lib/gcc/arm-atollic-eabi/6.3.1/../../../../arm-atollic-eabi/lib/armv7e-m/fpu\libc_nano.a(lib_a-wbuf.o) (_fflush_r)
c:/program files (x86)/atollic/truestudio for stm32 9.2.0/armtools/bin/../lib/gcc/arm-atollic-eabi/6.3.1/../../../../arm-atollic-eabi/lib/armv7e-m/fpu\libc_nano.a(lib_a-findfp.o)
                              c:/program files (x86)/atollic/truestudio for stm32 9.2.0/armtools/bin/../lib/gcc/arm-atollic-eabi/6.3.1/../../../../arm-atollic-eabi/lib/armv7e-m/fpu\libc_nano.a(lib_a-puts.o) (__sinit)
c:/program files (x86)/atollic/truestudio for stm32 9.2.0/armtools/bin/../lib/gcc/arm-atollic-eabi/6.3.1/../../../../arm-atollic-eabi/lib/armv7e-m/fpu\libc_nano.a(lib_a-fwalk.o)
                              c:/program files (x86)/atollic/truestudio for stm32 9.2.0/armtools/bin/../lib/gcc/arm-atollic-eabi/6.3.1/../../../../arm-atollic-eabi/lib/armv7e-m/fpu\libc_nano.a(lib_a-findfp.o) (_fwalk)
[...]
Memory Configuration

Name             Origin             Length             Attributes
RAM              0x20000000         0x00018000         xrw
RAM2             0x10000000         0x00008000         xrw
FLASH            0x08000000         0x00100000         xr
*default*        0x00000000         0xffffffff

Linker script and memory map

LOAD c:/program files (x86)/atollic/truestudio for stm32 9.2.0/armtools/bin/../lib/gcc/arm-atollic-eabi/6.3.1/armv7e-m/fpu/crti.o
LOAD c:/program files (x86)/atollic/truestudio for stm32 9.2.0/armtools/bin/../lib/gcc/arm-atollic-eabi/6.3.1/armv7e-m/fpu/crtbegin.o
LOAD Drivers\BSP\B-L475E-IOT01\stm32l475e_iot01.o
LOAD Drivers\BSP\B-L475E-IOT01\stm32l475e_iot01_accelero.o
LOAD Drivers\BSP\B-L475E-IOT01\stm32l475e_iot01_gyro.o
LOAD Drivers\BSP\B-L475E-IOT01\stm32l475e_iot01_hsensor.o
LOAD Drivers\BSP\B-L475E-IOT01\stm32l475e_iot01_magneto.o
LOAD Drivers\BSP\B-L475E-IOT01\stm32l475e_iot01_psensor.o
LOAD Drivers\BSP\B-L475E-IOT01\stm32l475e_iot01_qspi.o
LOAD Drivers\BSP\B-L475E-IOT01\stm32l475e_iot01_tsensor.o
LOAD Drivers\BSP\Components\cs42l51\cs42l51.o
LOAD Drivers\BSP\Components\cs43l22\cs43l22.o
LOAD Drivers\BSP\Components\ft3x67\ft3x67.o
LOAD Drivers\BSP\Components\ft5336\ft5336.o
LOAD Drivers\BSP\Components\ft6x06\ft6x06.o
LOAD Drivers\BSP\Components\hts221\hts221.o
LOAD Drivers\BSP\Components\hx8347g\hx8347g.o
LOAD Drivers\BSP\Components\l3gd20\l3gd20.o
LOAD Drivers\BSP\Components\lis3mdl\lis3mdl.o
LOAD Drivers\BSP\Components\lps22hb\lps22hb.o
LOAD Drivers\BSP\Components\ls016b8uy\ls016b8uy.o
LOAD Drivers\BSP\Components\lsm303c\lsm303c.o
LOAD Drivers\BSP\Components\lsm303dlhc\lsm303dlhc.o
LOAD Drivers\BSP\Components\lsm6dsl\lsm6dsl.o
LOAD Drivers\BSP\Components\m24sr\m24sr.o
LOAD Drivers\BSP\Components\mfxstm32l152\mfxstm32l152.o
LOAD Drivers\BSP\Components\ov9655\ov9655.o
LOAD Drivers\BSP\Components\st7735\st7735.o
LOAD Drivers\BSP\Components\st7789h2\st7789h2.o
LOAD Drivers\BSP\Components\stmpe1600\stmpe1600.o
LOAD Drivers\BSP\Components\stmpe811\stmpe811.o
LOAD Drivers\BSP\Components\wm8994\wm8994.o
LOAD Drivers\STM32L4xx_HAL_Driver\Src\stm32l4xx_hal.o
LOAD Drivers\STM32L4xx_HAL_Driver\Src\stm32l4xx_hal_cortex.o
LOAD Drivers\STM32L4xx_HAL_Driver\Src\stm32l4xx_hal_dfsdm.o
LOAD Drivers\STM32L4xx_HAL_Driver\Src\stm32l4xx_hal_dma.o
LOAD Drivers\STM32L4xx_HAL_Driver\Src\stm32l4xx_hal_dma_ex.o
LOAD Drivers\STM32L4xx_HAL_Driver\Src\stm32l4xx_hal_flash.o
LOAD Drivers\STM32L4xx_HAL_Driver\Src\stm32l4xx_hal_flash_ex.o
LOAD Drivers\STM32L4xx_HAL_Driver\Src\stm32l4xx_hal_flash_ramfunc.o
LOAD Drivers\STM32L4xx_HAL_Driver\Src\stm32l4xx_hal_gpio.o
LOAD Drivers\STM32L4xx_HAL_Driver\Src\stm32l4xx_hal_i2c.o
LOAD Drivers\STM32L4xx_HAL_Driver\Src\stm32l4xx_hal_i2c_ex.o
LOAD Drivers\STM32L4xx_HAL_Driver\Src\stm32l4xx_hal_pcd.o
LOAD Drivers\STM32L4xx_HAL_Driver\Src\stm32l4xx_hal_pcd_ex.o
LOAD Drivers\STM32L4xx_HAL_Driver\Src\stm32l4xx_hal_pwr.o
LOAD Drivers\STM32L4xx_HAL_Driver\Src\stm32l4xx_hal_pwr_ex.o
LOAD Drivers\STM32L4xx_HAL_Driver\Src\stm32l4xx_hal_qspi.o
LOAD Drivers\STM32L4xx_HAL_Driver\Src\stm32l4xx_hal_rcc.o
LOAD Drivers\STM32L4xx_HAL_Driver\Src\stm32l4xx_hal_rcc_ex.o
LOAD Drivers\STM32L4xx_HAL_Driver\Src\stm32l4xx_hal_spi.o
LOAD Drivers\STM32L4xx_HAL_Driver\Src\stm32l4xx_hal_spi_ex.o
LOAD Drivers\STM32L4xx_HAL_Driver\Src\stm32l4xx_hal_tim.o
LOAD Drivers\STM32L4xx_HAL_Driver\Src\stm32l4xx_hal_tim_ex.o
LOAD Drivers\STM32L4xx_HAL_Driver\Src\stm32l4xx_hal_uart.o
LOAD Drivers\STM32L4xx_HAL_Driver\Src\stm32l4xx_hal_uart_ex.o
LOAD Drivers\STM32L4xx_HAL_Driver\Src\stm32l4xx_ll_usb.o
LOAD Src\main.o
LOAD Src\stm32l4xx_hal_msp.o
LOAD Src\stm32l4xx_it.o
LOAD Src\system_stm32l4xx.o
LOAD Src\vl53l0x\vl53l0x_api.o
LOAD Src\vl53l0x\vl53l0x_api_calibration.o
LOAD Src\vl53l0x\vl53l0x_api_core.o
LOAD Src\vl53l0x\vl53l0x_api_ranging.o
LOAD Src\vl53l0x\vl53l0x_api_strings.o
LOAD Src\vl53l0x\vl53l0x_platform_log.o
LOAD Src\vl53l0x\vl53l0x_tof.o
LOAD startup\startup_stm32l475xx.o
                0x00000080                malloc_getpagesize_P = 0x80
START GROUP
LOAD c:/program files (x86)/atollic/truestudio for stm32 9.2.0/armtools/bin/../lib/gcc/arm-atollic-eabi/6.3.1/../../../../arm-atollic-eabi/lib/armv7e-m/fpu\libc_nano.a
LOAD c:/program files (x86)/atollic/truestudio for stm32 9.2.0/armtools/bin/../lib/gcc/arm-atollic-eabi/6.3.1/../../../../arm-atollic-eabi/lib/armv7e-m/fpu\libm.a
END GROUP
START GROUP
LOAD c:/program files (x86)/atollic/truestudio for stm32 9.2.0/armtools/bin/../lib/gcc/arm-atollic-eabi/6.3.1/armv7e-m/fpu\libgcc.a
LOAD c:/program files (x86)/atollic/truestudio for stm32 9.2.0/armtools/bin/../lib/gcc/arm-atollic-eabi/6.3.1/../../../../arm-atollic-eabi/lib/armv7e-m/fpu\libc_nano.a
END GROUP
START GROUP
LOAD c:/program files (x86)/atollic/truestudio for stm32 9.2.0/armtools/bin/../lib/gcc/arm-atollic-eabi/6.3.1/armv7e-m/fpu\libgcc.a
LOAD c:/program files (x86)/atollic/truestudio for stm32 9.2.0/armtools/bin/../lib/gcc/arm-atollic-eabi/6.3.1/../../../../arm-atollic-eabi/lib/armv7e-m/fpu\libc_nano.a
LOAD c:/program files (x86)/atollic/truestudio for stm32 9.2.0/armtools/bin/../lib/gcc/arm-atollic-eabi/6.3.1/../../../../arm-atollic-eabi/lib/armv7e-m/fpu\libnosys.a
END GROUP
START GROUP
LOAD c:/program files (x86)/atollic/truestudio for stm32 9.2.0/armtools/bin/../lib/gcc/arm-atollic-eabi/6.3.1/armv7e-m/fpu\libgcc.a
LOAD c:/program files (x86)/atollic/truestudio for stm32 9.2.0/armtools/bin/../lib/gcc/arm-atollic-eabi/6.3.1/../../../../arm-atollic-eabi/lib/armv7e-m/fpu\libc_nano.a
LOAD c:/program files (x86)/atollic/truestudio for stm32 9.2.0/armtools/bin/../lib/gcc/arm-atollic-eabi/6.3.1/../../../../arm-atollic-eabi/lib/armv7e-m/fpu\libnosys.a
END GROUP
LOAD c:/program files (x86)/atollic/truestudio for stm32 9.2.0/armtools/bin/../lib/gcc/arm-atollic-eabi/6.3.1/armv7e-m/fpu/crtend.o
LOAD c:/program files (x86)/atollic/truestudio for stm32 9.2.0/armtools/bin/../lib/gcc/arm-atollic-eabi/6.3.1/armv7e-m/fpu/crtn.o
                0x20018000                _estack = 0x20018000
                0x00000200                _Min_Heap_Size = 0x200
                0x00000400                _Min_Stack_Size = 0x400

.isr_vector     0x08000000      0x188
                0x08000000                . = ALIGN (0x4)
 *(.isr_vector)
 .isr_vector    0x08000000      0x188 startup\startup_stm32l475xx.o
                0x08000000                g_pfnVectors
                0x08000188                . = ALIGN (0x4)

.text           0x08000190     0x9fa4
                0x08000190                . = ALIGN (0x4)
 *(.text)
 .text          0x08000190       0x40 c:/program files (x86)/atollic/truestudio for stm32 9.2.0/armtools/bin/../lib/gcc/arm-atollic-eabi/6.3.1/armv7e-m/fpu/crtbegin.o
 .text          0x080001d0       0x10 c:/program files (x86)/atollic/truestudio for stm32 9.2.0/armtools/bin/../lib/gcc/arm-atollic-eabi/6.3.1/../../../../arm-atollic-eabi/lib/armv7e-m/fpu\libc_nano.a(lib_a-strlen.o)
                0x080001d0                strlen
 .text          0x080001e0       0xa0 c:/program files (x86)/atollic/truestudio for stm32 9.2.0/armtools/bin/../lib/gcc/arm-atollic-eabi/6.3.1/../../../../arm-atollic-eabi/lib/armv7e-m/fpu\libc_nano.a(lib_a-memchr.o)
                0x080001e0                memchr
 .text          0x08000280      0x370 c:/program files (x86)/atollic/truestudio for stm32 9.2.0/armtools/bin/../lib/gcc/arm-atollic-eabi/6.3.1/armv7e-m/fpu\libgcc.a(_arm_addsubdf3.o)
                0x08000280                __aeabi_drsub
                0x08000288                __aeabi_dsub
                0x08000288                __subdf3
                0x0800028c                __aeabi_dadd
                0x0800028c                __adddf3
                0x08000504                __floatunsidf
                0x08000504                __aeabi_ui2d
                0x08000524                __floatsidf
                0x08000524                __aeabi_i2d
                0x08000548                __aeabi_f2d
                0x08000548                __extendsfdf2
                0x08000584                __floatundidf
                0x08000584                __aeabi_ul2d
                0x08000594                __floatdidf
                0x08000594                __aeabi_l2d
 .text          0x080005f0      0x424 c:/program files (x86)/atollic/truestudio for stm32 9.2.0/armtools/bin/../lib/gcc/arm-atollic-eabi/6.3.1/armv7e-m/fpu\libgcc.a(_arm_muldivdf3.o)
                0x080005f0                __aeabi_dmul
                0x080005f0                __muldf3
                0x08000844                __divdf3
                0x08000844                __aeabi_ddiv
 .text          0x08000a14      0x110 c:/program files (x86)/atollic/truestudio for stm32 9.2.0/armtools/bin/../lib/gcc/arm-atollic-eabi/6.3.1/armv7e-m/fpu\libgcc.a(_arm_cmpdf2.o)
                0x08000a14                __gtdf2
                0x08000a14                __gedf2
                0x08000a1c                __ltdf2
                0x08000a1c                __ledf2
                0x08000a24                __nedf2
                0x08000a24                __eqdf2
                0x08000a24                __cmpdf2
                0x08000aa0                __aeabi_cdrcmple
                0x08000ab0                __aeabi_cdcmpeq
                0x08000ab0                __aeabi_cdcmple
                0x08000ac0                __aeabi_dcmpeq
                0x08000ad4                __aeabi_dcmplt
                0x08000ae8                __aeabi_dcmple
                0x08000afc                __aeabi_dcmpge
                0x08000b10                __aeabi_dcmpgt
 .text          0x08000b24       0x2c c:/program files (x86)/atollic/truestudio for stm32 9.2.0/armtools/bin/../lib/gcc/arm-atollic-eabi/6.3.1/armv7e-m/fpu\libgcc.a(_arm_unorddf2.o)
                0x08000b24                __unorddf2
                0x08000b24                __aeabi_dcmpun
 .text          0x08000b50       0x50 c:/program files (x86)/atollic/truestudio for stm32 9.2.0/armtools/bin/../lib/gcc/arm-atollic-eabi/6.3.1/armv7e-m/fpu\libgcc.a(_arm_fixdfsi.o)
                0x08000b50                __aeabi_d2iz
                0x08000b50                __fixdfsi
 .text          0x08000ba0       0x30 c:/program files (x86)/atollic/truestudio for stm32 9.2.0/armtools/bin/../lib/gcc/arm-atollic-eabi/6.3.1/armv7e-m/fpu\libgcc.a(_aeabi_uldivmod.o)
                0x08000ba0                __aeabi_uldivmod
 .text          0x08000bd0      0x2dc c:/program files (x86)/atollic/truestudio for stm32 9.2.0/armtools/bin/../lib/gcc/arm-atollic-eabi/6.3.1/armv7e-m/fpu\libgcc.a(_udivmoddi4.o)
                0x08000bd0                __udivmoddi4
 .text          0x08000eac        0x4 c:/program files (x86)/atollic/truestudio for stm32 9.2.0/armtools/bin/../lib/gcc/arm-atollic-eabi/6.3.1/armv7e-m/fpu\libgcc.a(_dvmd_tls.o)
                0x08000eac                __aeabi_idiv0
                0x08000eac                __aeabi_ldiv0
 *(.text*)
 .text.I2Cx_Init.constprop.8
                0x08000eb0       0xc0 Drivers\BSP\B-L475E-IOT01\stm32l475e_iot01.o
 .text.SENSOR_IO_Init
                0x08000f70        0x4 Drivers\BSP\B-L475E-IOT01\stm32l475e_iot01.o
                0x08000f70                SENSOR_IO_Init
 .text.SENSOR_IO_Write
                0x08000f74       0x34 Drivers\BSP\B-L475E-IOT01\stm32l475e_iot01.o
                0x08000f74                SENSOR_IO_Write
 .text.SENSOR_IO_Read
                0x08000fa8       0x3c Drivers\BSP\B-L475E-IOT01\stm32l475e_iot01.o
                0x08000fa8                SENSOR_IO_Read
 .text.SENSOR_IO_ReadMultiple
                0x08000fe4       0x30 Drivers\BSP\B-L475E-IOT01\stm32l475e_iot01.o
                0x08000fe4                SENSOR_IO_ReadMultiple
 .text.BSP_ACCELERO_Init
                0x08001014       0x28 Drivers\BSP\B-L475E-IOT01\stm32l475e_iot01_accelero.o
                0x08001014                BSP_ACCELERO_Init
 .text.BSP_ACCELERO_AccGetXYZ
                0x0800103c       0x14 Drivers\BSP\B-L475E-IOT01\stm32l475e_iot01_accelero.o
                0x0800103c                BSP_ACCELERO_AccGetXYZ
 .text.BSP_GYRO_Init
                0x08001050       0x28 Drivers\BSP\B-L475E-IOT01\stm32l475e_iot01_gyro.o
                0x08001050                BSP_GYRO_Init
 .text.BSP_GYRO_GetXYZ
                0x08001078       0x14 Drivers\BSP\B-L475E-IOT01\stm32l475e_iot01_gyro.o
                0x08001078                BSP_GYRO_GetXYZ
 .text.BSP_HSENSOR_Init
                0x0800108c       0x28 Drivers\BSP\B-L475E-IOT01\stm32l475e_iot01_hsensor.o
                0x0800108c                BSP_HSENSOR_Init
 .text.BSP_HSENSOR_ReadHumidity
                0x080010b4       0x10 Drivers\BSP\B-L475E-IOT01\stm32l475e_iot01_hsensor.o
                0x080010b4                BSP_HSENSOR_ReadHumidity
 .text.BSP_MAGNETO_Init
                0x080010c4       0x48 Drivers\BSP\B-L475E-IOT01\stm32l475e_iot01_magneto.o
                0x080010c4                BSP_MAGNETO_Init
 .text.BSP_MAGNETO_GetXYZ
                0x0800110c       0x14 Drivers\BSP\B-L475E-IOT01\stm32l475e_iot01_magneto.o
                0x0800110c                BSP_MAGNETO_GetXYZ
 .text.BSP_PSENSOR_Init
                0x08001120       0x28 Drivers\BSP\B-L475E-IOT01\stm32l475e_iot01_psensor.o
                0x08001120                BSP_PSENSOR_Init
 .text.BSP_PSENSOR_ReadPressure
                0x08001148       0x10 Drivers\BSP\B-L475E-IOT01\stm32l475e_iot01_psensor.o
                0x08001148                BSP_PSENSOR_ReadPressure
 .text.BSP_TSENSOR_Init
                0x08001158       0x24 Drivers\BSP\B-L475E-IOT01\stm32l475e_iot01_tsensor.o
                0x08001158                BSP_TSENSOR_Init
 .text.BSP_TSENSOR_ReadTemp
                0x0800117c       0x10 Drivers\BSP\B-L475E-IOT01\stm32l475e_iot01_tsensor.o
                0x0800117c                BSP_TSENSOR_ReadTemp
 .text.HTS221_H_Init
                0x0800118c       0x20 Drivers\BSP\Components\hts221\hts221.o
                0x0800118c                HTS221_H_Init
 .text.HTS221_T_Init
                0x080011ac       0x20 Drivers\BSP\Components\hts221\hts221.o
                0x080011ac                HTS221_T_Init
 .text.HTS221_H_ReadID
                0x080011cc       0x14 Drivers\BSP\Components\hts221\hts221.o
                0x080011cc                HTS221_H_ReadID
 .text.HTS221_H_ReadHumidity
                0x080011e0       0xe0 Drivers\BSP\Components\hts221\hts221.o
                0x080011e0                HTS221_H_ReadHumidity
 .text.HTS221_T_ReadTemp
                0x080012c0       0xb4 Drivers\BSP\Components\hts221\hts221.o
                0x080012c0                HTS221_T_ReadTemp
 .text.LIS3MDL_MagInit
                0x08001374       0x4a Drivers\BSP\Components\lis3mdl\lis3mdl.o
                0x08001374                LIS3MDL_MagInit
 .text.LIS3MDL_MagDeInit
                0x080013be       0x1e Drivers\BSP\Components\lis3mdl\lis3mdl.o
                0x080013be                LIS3MDL_MagDeInit
 .text.LIS3MDL_MagLowPower
                0x080013dc       0x22 Drivers\BSP\Components\lis3mdl\lis3mdl.o
                0x080013dc                LIS3MDL_MagLowPower
 .text.LIS3MDL_MagReadID
                0x080013fe       0x12 Drivers\BSP\Components\lis3mdl\lis3mdl.o
                0x080013fe                LIS3MDL_MagReadID
 .text.LIS3MDL_MagReadXYZ
                0x08001410       0xb8 Drivers\BSP\Components\lis3mdl\lis3mdl.o
                0x08001410                LIS3MDL_MagReadXYZ
 .text.LPS22HB_P_ReadPressure
                0x080014c8       0x5c Drivers\BSP\Components\lps22hb\lps22hb.o
                0x080014c8                LPS22HB_P_ReadPressure
 .text.LPS22HB_Init
                0x08001524       0x38 Drivers\BSP\Components\lps22hb\lps22hb.o
 .text.LPS22HB_P_Init
                0x0800155c        0x4 Drivers\BSP\Components\lps22hb\lps22hb.o
                0x0800155c                LPS22HB_P_Init
 .text.LPS22HB_P_ReadID
                0x08001560       0x14 Drivers\BSP\Components\lps22hb\lps22hb.o
                0x08001560                LPS22HB_P_ReadID
 .text.LSM6DSL_AccInit
                0x08001574       0x38 Drivers\BSP\Components\lsm6dsl\lsm6dsl.o
                0x08001574                LSM6DSL_AccInit
 .text.LSM6DSL_AccDeInit
                0x080015ac       0x1a Drivers\BSP\Components\lsm6dsl\lsm6dsl.o
                0x080015ac                LSM6DSL_AccDeInit
 .text.LSM6DSL_AccLowPower
                0x080015c6       0x22 Drivers\BSP\Components\lsm6dsl\lsm6dsl.o
                0x080015c6                LSM6DSL_AccLowPower
 .text.LSM6DSL_GyroInit
                0x080015e8       0x38 Drivers\BSP\Components\lsm6dsl\lsm6dsl.o
                0x080015e8                LSM6DSL_GyroInit
 .text.LSM6DSL_GyroDeInit
                0x08001620       0x1a Drivers\BSP\Components\lsm6dsl\lsm6dsl.o
                0x08001620                LSM6DSL_GyroDeInit
 .text.LSM6DSL_GyroLowPower
                0x0800163a       0x22 Drivers\BSP\Components\lsm6dsl\lsm6dsl.o
                0x0800163a                LSM6DSL_GyroLowPower
 .text.LSM6DSL_GyroReadID
                0x0800165c       0x12 Drivers\BSP\Components\lsm6dsl\lsm6dsl.o
                0x0800165c                LSM6DSL_GyroReadID
 .text.LSM6DSL_AccReadID
                0x0800166e        0x4 Drivers\BSP\Components\lsm6dsl\lsm6dsl.o
                0x0800166e                LSM6DSL_AccReadID
 *fill*         0x08001672        0x2 
 .text.LSM6DSL_AccReadXYZ
                0x08001674       0x88 Drivers\BSP\Components\lsm6dsl\lsm6dsl.o
                0x08001674                LSM6DSL_AccReadXYZ
 .text.LSM6DSL_GyroReadXYZAngRate
                0x080016fc       0x80 Drivers\BSP\Components\lsm6dsl\lsm6dsl.o
                0x080016fc                LSM6DSL_GyroReadXYZAngRate
 .text.HAL_InitTick
                0x0800177c       0x30 Drivers\STM32L4xx_HAL_Driver\Src\stm32l4xx_hal.o
                0x0800177c                HAL_InitTick
 .text.HAL_Init
                0x080017ac       0x1e Drivers\STM32L4xx_HAL_Driver\Src\stm32l4xx_hal.o
                0x080017ac                HAL_Init
 *fill*         0x080017ca        0x2 
 .text.HAL_IncTick
                0x080017cc       0x10 Drivers\STM32L4xx_HAL_Driver\Src\stm32l4xx_hal.o
                0x080017cc                HAL_IncTick
 .text.HAL_GetTick
                0x080017dc        0xc Drivers\STM32L4xx_HAL_Driver\Src\stm32l4xx_hal.o
                0x080017dc                HAL_GetTick
 .text.HAL_Delay
                0x080017e8       0x1c Drivers\STM32L4xx_HAL_Driver\Src\stm32l4xx_hal.o
                0x080017e8                HAL_Delay
 .text.HAL_NVIC_SetPriorityGrouping
                0x08001804       0x24 Drivers\STM32L4xx_HAL_Driver\Src\stm32l4xx_hal_cortex.o
                0x08001804                HAL_NVIC_SetPriorityGrouping
 .text.HAL_NVIC_SetPriority
                0x08001828       0x68 Drivers\STM32L4xx_HAL_Driver\Src\stm32l4xx_hal_cortex.o
                0x08001828                HAL_NVIC_SetPriority
 .text.HAL_NVIC_EnableIRQ
                0x08001890       0x18 Drivers\STM32L4xx_HAL_Driver\Src\stm32l4xx_hal_cortex.o
                0x08001890                HAL_NVIC_EnableIRQ
 .text.HAL_SYSTICK_Config
                0x080018a8       0x2c Drivers\STM32L4xx_HAL_Driver\Src\stm32l4xx_hal_cortex.o
                0x080018a8                HAL_SYSTICK_Config
 .text.DFSDM_GetChannelFromInstance
                0x080018d4       0x58 Drivers\STM32L4xx_HAL_Driver\Src\stm32l4xx_hal_dfsdm.o
 .text.HAL_DFSDM_ChannelInit
                0x0800192c       0xe8 Drivers\STM32L4xx_HAL_Driver\Src\stm32l4xx_hal_dfsdm.o
                0x0800192c                HAL_DFSDM_ChannelInit
 .text.HAL_DMA_Abort_IT
                0x08001a14       0x4c Drivers\STM32L4xx_HAL_Driver\Src\stm32l4xx_hal_dma.o
                0x08001a14                HAL_DMA_Abort_IT
 .text.HAL_GPIO_Init
                0x08001a60      0x1b8 Drivers\STM32L4xx_HAL_Driver\Src\stm32l4xx_hal_gpio.o
                0x08001a60                HAL_GPIO_Init
 .text.HAL_GPIO_DeInit
                0x08001c18      0x134 Drivers\STM32L4xx_HAL_Driver\Src\stm32l4xx_hal_gpio.o
                0x08001c18                HAL_GPIO_DeInit
 .text.HAL_GPIO_WritePin
                0x08001d4c        0xa Drivers\STM32L4xx_HAL_Driver\Src\stm32l4xx_hal_gpio.o
                0x08001d4c                HAL_GPIO_WritePin
 .text.HAL_GPIO_EXTI_Callback
                0x08001d56        0x2 Drivers\STM32L4xx_HAL_Driver\Src\stm32l4xx_hal_gpio.o
                0x08001d56                HAL_GPIO_EXTI_Callback
 .text.HAL_GPIO_EXTI_IRQHandler
                0x08001d58       0x18 Drivers\STM32L4xx_HAL_Driver\Src\stm32l4xx_hal_gpio.o
                0x08001d58                HAL_GPIO_EXTI_IRQHandler
 .text.I2C_Flush_TXDR
                0x08001d70       0x1c Drivers\STM32L4xx_HAL_Driver\Src\stm32l4xx_hal_i2c.o
 .text.I2C_TransferConfig
                0x08001d8c       0x34 Drivers\STM32L4xx_HAL_Driver\Src\stm32l4xx_hal_i2c.o
 .text.I2C_WaitOnFlagUntilTimeout
                0x08001dc0       0x56 Drivers\STM32L4xx_HAL_Driver\Src\stm32l4xx_hal_i2c.o
 .text.I2C_IsAcknowledgeFailed
                0x08001e16       0x7a Drivers\STM32L4xx_HAL_Driver\Src\stm32l4xx_hal_i2c.o
 .text.I2C_WaitOnTXISFlagUntilTimeout
                0x08001e90       0x4e Drivers\STM32L4xx_HAL_Driver\Src\stm32l4xx_hal_i2c.o
 *fill*         0x08001ede        0x2 
 .text.I2C_RequestMemoryWrite
                0x08001ee0       0x64 Drivers\STM32L4xx_HAL_Driver\Src\stm32l4xx_hal_i2c.o
 .text.I2C_RequestMemoryRead
                0x08001f44       0x64 Drivers\STM32L4xx_HAL_Driver\Src\stm32l4xx_hal_i2c.o
 .text.I2C_WaitOnSTOPFlagUntilTimeout
                0x08001fa8       0x4a Drivers\STM32L4xx_HAL_Driver\Src\stm32l4xx_hal_i2c.o
 .text.I2C_WaitOnRXNEFlagUntilTimeout
                0x08001ff2       0x7e Drivers\STM32L4xx_HAL_Driver\Src\stm32l4xx_hal_i2c.o
 .text.HAL_I2C_Init
                0x08002070       0xa2 Drivers\STM32L4xx_HAL_Driver\Src\stm32l4xx_hal_i2c.o
                0x08002070                HAL_I2C_Init
 .text.HAL_I2C_DeInit
                0x08002112       0x32 Drivers\STM32L4xx_HAL_Driver\Src\stm32l4xx_hal_i2c.o
                0x08002112                HAL_I2C_DeInit
 .text.HAL_I2C_Master_Transmit
                0x08002144      0x128 Drivers\STM32L4xx_HAL_Driver\Src\stm32l4xx_hal_i2c.o
                0x08002144                HAL_I2C_Master_Transmit
 .text.HAL_I2C_Master_Receive
                0x0800226c      0x12c Drivers\STM32L4xx_HAL_Driver\Src\stm32l4xx_hal_i2c.o
                0x0800226c                HAL_I2C_Master_Receive
 .text.HAL_I2C_Mem_Write
                0x08002398      0x16e Drivers\STM32L4xx_HAL_Driver\Src\stm32l4xx_hal_i2c.o
                0x08002398                HAL_I2C_Mem_Write
 *fill*         0x08002506        0x2 
 .text.HAL_I2C_Mem_Read
                0x08002508      0x17c Drivers\STM32L4xx_HAL_Driver\Src\stm32l4xx_hal_i2c.o
                0x08002508                HAL_I2C_Mem_Read
 .text.HAL_I2CEx_ConfigAnalogFilter
                0x08002684       0x4c Drivers\STM32L4xx_HAL_Driver\Src\stm32l4xx_hal_i2c_ex.o
                0x08002684                HAL_I2CEx_ConfigAnalogFilter
 .text.HAL_I2CEx_ConfigDigitalFilter
                0x080026d0       0x4a Drivers\STM32L4xx_HAL_Driver\Src\stm32l4xx_hal_i2c_ex.o
                0x080026d0                HAL_I2CEx_ConfigDigitalFilter
 .text.HAL_PCD_Init
                0x0800271a       0xfa Drivers\STM32L4xx_HAL_Driver\Src\stm32l4xx_hal_pcd.o
                0x0800271a                HAL_PCD_Init
 .text.HAL_PCDEx_ActivateLPM
                0x08002814       0x26 Drivers\STM32L4xx_HAL_Driver\Src\stm32l4xx_hal_pcd_ex.o
                0x08002814                HAL_PCDEx_ActivateLPM
 .text.HAL_PCDEx_ActivateBCD
                0x0800283a       0x14 Drivers\STM32L4xx_HAL_Driver\Src\stm32l4xx_hal_pcd_ex.o
                0x0800283a                HAL_PCDEx_ActivateBCD
 *fill*         0x0800284e        0x2 
 .text.HAL_PWR_EnableBkUpAccess
                0x08002850       0x10 Drivers\STM32L4xx_HAL_Driver\Src\stm32l4xx_hal_pwr.o
                0x08002850                HAL_PWR_EnableBkUpAccess
 .text.HAL_PWREx_GetVoltageRange
                0x08002860       0x10 Drivers\STM32L4xx_HAL_Driver\Src\stm32l4xx_hal_pwr_ex.o
                0x08002860                HAL_PWREx_GetVoltageRange
 .text.HAL_PWREx_ControlVoltageScaling
                0x08002870       0x6c Drivers\STM32L4xx_HAL_Driver\Src\stm32l4xx_hal_pwr_ex.o
                0x08002870                HAL_PWREx_ControlVoltageScaling
 .text.HAL_PWREx_EnableVddUSB
                0x080028dc       0x10 Drivers\STM32L4xx_HAL_Driver\Src\stm32l4xx_hal_pwr_ex.o
                0x080028dc                HAL_PWREx_EnableVddUSB
 .text.QSPI_WaitFlagStateUntilTimeout
                0x080028ec       0x4c Drivers\STM32L4xx_HAL_Driver\Src\stm32l4xx_hal_qspi.o
 .text.HAL_QSPI_Init
                0x08002938       0xb0 Drivers\STM32L4xx_HAL_Driver\Src\stm32l4xx_hal_qspi.o
                0x08002938                HAL_QSPI_Init
 .text.RCC_SetFlashLatencyFromMSIRange
                0x080029e8       0x84 Drivers\STM32L4xx_HAL_Driver\Src\stm32l4xx_hal_rcc.o
 .text.HAL_RCC_GetSysClockFreq
                0x08002a6c       0xa8 Drivers\STM32L4xx_HAL_Driver\Src\stm32l4xx_hal_rcc.o
                0x08002a6c                HAL_RCC_GetSysClockFreq
 .text.HAL_RCC_OscConfig
                0x08002b14      0x44c Drivers\STM32L4xx_HAL_Driver\Src\stm32l4xx_hal_rcc.o
                0x08002b14                HAL_RCC_OscConfig
 .text.HAL_RCC_ClockConfig
                0x08002f60      0x124 Drivers\STM32L4xx_HAL_Driver\Src\stm32l4xx_hal_rcc.o
                0x08002f60                HAL_RCC_ClockConfig
 .text.HAL_RCC_GetPCLK1Freq
                0x08003084       0x24 Drivers\STM32L4xx_HAL_Driver\Src\stm32l4xx_hal_rcc.o
                0x08003084                HAL_RCC_GetPCLK1Freq
 .text.HAL_RCC_GetPCLK2Freq
                0x080030a8       0x24 Drivers\STM32L4xx_HAL_Driver\Src\stm32l4xx_hal_rcc.o
                0x080030a8                HAL_RCC_GetPCLK2Freq
 .text.RCCEx_PLLSAI1_Config
                0x080030cc      0x11c Drivers\STM32L4xx_HAL_Driver\Src\stm32l4xx_hal_rcc_ex.o
 .text.RCCEx_PLLSAI2_Config
                0x080031e8       0xfc Drivers\STM32L4xx_HAL_Driver\Src\stm32l4xx_hal_rcc_ex.o
 .text.HAL_RCCEx_PeriphCLKConfig
                0x080032e4      0x3d0 Drivers\STM32L4xx_HAL_Driver\Src\stm32l4xx_hal_rcc_ex.o
                0x080032e4                HAL_RCCEx_PeriphCLKConfig
 .text.HAL_RCCEx_EnableMSIPLLMode
                0x080036b4       0x10 Drivers\STM32L4xx_HAL_Driver\Src\stm32l4xx_hal_rcc_ex.o
                0x080036b4                HAL_RCCEx_EnableMSIPLLMode
 .text.HAL_SPI_Init
                0x080036c4       0xa2 Drivers\STM32L4xx_HAL_Driver\Src\stm32l4xx_hal_spi.o
                0x080036c4                HAL_SPI_Init
 *fill*         0x08003766        0x2 
 .text.HAL_TIM_Base_Start_IT
                0x08003768       0x30 Drivers\STM32L4xx_HAL_Driver\Src\stm32l4xx_hal_tim.o
                0x08003768                HAL_TIM_Base_Start_IT
 .text.HAL_TIM_PeriodElapsedCallback
                0x08003798        0x2 Drivers\STM32L4xx_HAL_Driver\Src\stm32l4xx_hal_tim.o
                0x08003798                HAL_TIM_PeriodElapsedCallback
 .text.HAL_TIM_OC_DelayElapsedCallback
                0x0800379a        0x2 Drivers\STM32L4xx_HAL_Driver\Src\stm32l4xx_hal_tim.o
                0x0800379a                HAL_TIM_OC_DelayElapsedCallback
 .text.HAL_TIM_IC_CaptureCallback
                0x0800379c        0x2 Drivers\STM32L4xx_HAL_Driver\Src\stm32l4xx_hal_tim.o
                0x0800379c                HAL_TIM_IC_CaptureCallback
 .text.HAL_TIM_PWM_PulseFinishedCallback
                0x0800379e        0x2 Drivers\STM32L4xx_HAL_Driver\Src\stm32l4xx_hal_tim.o
                0x0800379e                HAL_TIM_PWM_PulseFinishedCallback
 .text.HAL_TIM_TriggerCallback
                0x080037a0        0x2 Drivers\STM32L4xx_HAL_Driver\Src\stm32l4xx_hal_tim.o
                0x080037a0                HAL_TIM_TriggerCallback
 .text.HAL_TIM_IRQHandler
                0x080037a2      0x160 Drivers\STM32L4xx_HAL_Driver\Src\stm32l4xx_hal_tim.o
                0x080037a2                HAL_TIM_IRQHandler
 *fill*         0x08003902        0x2 
 .text.TIM_Base_SetConfig
                0x08003904       0xcc Drivers\STM32L4xx_HAL_Driver\Src\stm32l4xx_hal_tim.o
                0x08003904                TIM_Base_SetConfig
 .text.HAL_TIM_Base_Init
                0x080039d0       0x34 Drivers\STM32L4xx_HAL_Driver\Src\stm32l4xx_hal_tim.o
                0x080039d0                HAL_TIM_Base_Init
 .text.HAL_TIMEx_MasterConfigSynchronization
                0x08003a04       0x58 Drivers\STM32L4xx_HAL_Driver\Src\stm32l4xx_hal_tim_ex.o
                0x08003a04                HAL_TIMEx_MasterConfigSynchronization
 .text.HAL_TIMEx_CommutationCallback
                0x08003a5c        0x2 Drivers\STM32L4xx_HAL_Driver\Src\stm32l4xx_hal_tim_ex.o
                0x08003a5c                HAL_TIMEx_CommutationCallback
 .text.HAL_TIMEx_BreakCallback
                0x08003a5e        0x2 Drivers\STM32L4xx_HAL_Driver\Src\stm32l4xx_hal_tim_ex.o
                0x08003a5e                HAL_TIMEx_BreakCallback
 .text.HAL_TIMEx_Break2Callback
                0x08003a60        0x2 Drivers\STM32L4xx_HAL_Driver\Src\stm32l4xx_hal_tim_ex.o
                0x08003a60                HAL_TIMEx_Break2Callback
 .text.UART_EndRxTransfer
                0x08003a62       0x1e Drivers\STM32L4xx_HAL_Driver\Src\stm32l4xx_hal_uart.o
 .text.HAL_UART_TxCpltCallback
                0x08003a80        0x2 Drivers\STM32L4xx_HAL_Driver\Src\stm32l4xx_hal_uart.o
                0x08003a80                HAL_UART_TxCpltCallback
 .text.HAL_UART_ErrorCallback
                0x08003a82        0x2 Drivers\STM32L4xx_HAL_Driver\Src\stm32l4xx_hal_uart.o
                0x08003a82                HAL_UART_ErrorCallback
 .text.HAL_UART_IRQHandler
                0x08003a84      0x12c Drivers\STM32L4xx_HAL_Driver\Src\stm32l4xx_hal_uart.o
                0x08003a84                HAL_UART_IRQHandler
 .text.UART_DMAAbortOnError
                0x08003bb0       0x14 Drivers\STM32L4xx_HAL_Driver\Src\stm32l4xx_hal_uart.o
 .text.UART_SetConfig
                0x08003bc4      0x330 Drivers\STM32L4xx_HAL_Driver\Src\stm32l4xx_hal_uart.o
                0x08003bc4                UART_SetConfig
 .text.UART_AdvFeatureConfig
                0x08003ef4       0xa8 Drivers\STM32L4xx_HAL_Driver\Src\stm32l4xx_hal_uart.o
                0x08003ef4                UART_AdvFeatureConfig
 .text.UART_WaitOnFlagUntilTimeout
                0x08003f9c       0x62 Drivers\STM32L4xx_HAL_Driver\Src\stm32l4xx_hal_uart.o
                0x08003f9c                UART_WaitOnFlagUntilTimeout
 .text.HAL_UART_Transmit
                0x08003ffe       0xae Drivers\STM32L4xx_HAL_Driver\Src\stm32l4xx_hal_uart.o
                0x08003ffe                HAL_UART_Transmit
 .text.UART_CheckIdleState
                0x080040ac       0x64 Drivers\STM32L4xx_HAL_Driver\Src\stm32l4xx_hal_uart.o
                0x080040ac                UART_CheckIdleState
 .text.HAL_UART_Init
                0x08004110       0x64 Drivers\STM32L4xx_HAL_Driver\Src\stm32l4xx_hal_uart.o
                0x08004110                HAL_UART_Init
 .text.HAL_UARTEx_WakeupCallback
                0x08004174        0x2 Drivers\STM32L4xx_HAL_Driver\Src\stm32l4xx_hal_uart_ex.o
                0x08004174                HAL_UARTEx_WakeupCallback
 *fill*         0x08004176        0x2 
 .text.USB_CoreReset
                0x08004178       0x30 Drivers\STM32L4xx_HAL_Driver\Src\stm32l4xx_ll_usb.o
 .text.USB_CoreInit
                0x080041a8       0x5e Drivers\STM32L4xx_HAL_Driver\Src\stm32l4xx_ll_usb.o
                0x080041a8                USB_CoreInit
 .text.USB_DisableGlobalInt
                0x08004206        0xc Drivers\STM32L4xx_HAL_Driver\Src\stm32l4xx_ll_usb.o
                0x08004206                USB_DisableGlobalInt
 .text.USB_SetCurrentMode
                0x08004212       0x2e Drivers\STM32L4xx_HAL_Driver\Src\stm32l4xx_ll_usb.o
                0x08004212                USB_SetCurrentMode
 .text.USB_FlushTxFifo
                0x08004240       0x24 Drivers\STM32L4xx_HAL_Driver\Src\stm32l4xx_ll_usb.o
                0x08004240                USB_FlushTxFifo
 .text.USB_FlushRxFifo
                0x08004264       0x20 Drivers\STM32L4xx_HAL_Driver\Src\stm32l4xx_ll_usb.o
                0x08004264                USB_FlushRxFifo
 .text.USB_SetDevSpeed
                0x08004284        0xe Drivers\STM32L4xx_HAL_Driver\Src\stm32l4xx_ll_usb.o
                0x08004284                USB_SetDevSpeed
 *fill*         0x08004292        0x2 
 .text.USB_DevInit
                0x08004294      0x138 Drivers\STM32L4xx_HAL_Driver\Src\stm32l4xx_ll_usb.o
                0x08004294                USB_DevInit
 .text.USB_DevDisconnect
                0x080043cc       0x18 Drivers\STM32L4xx_HAL_Driver\Src\stm32l4xx_ll_usb.o
                0x080043cc                USB_DevDisconnect
 .text.SystemClock_Config
                0x080043e4       0xbc Src\main.o
                0x080043e4                SystemClock_Config
 .text.startup.main
                0x080044a0      0x534 Src\main.o
                0x080044a0                main
 .text.HAL_MspInit
                0x080049d4       0x30 Src\stm32l4xx_hal_msp.o
                0x080049d4                HAL_MspInit
 .text.HAL_DFSDM_ChannelMspInit
                0x08004a04       0x64 Src\stm32l4xx_hal_msp.o
                0x08004a04                HAL_DFSDM_ChannelMspInit
 .text.HAL_I2C_MspInit
                0x08004a68       0x6c Src\stm32l4xx_hal_msp.o
                0x08004a68                HAL_I2C_MspInit
 .text.HAL_I2C_MspDeInit
                0x08004ad4       0x2c Src\stm32l4xx_hal_msp.o
                0x08004ad4                HAL_I2C_MspDeInit
 .text.HAL_QSPI_MspInit
                0x08004b00       0x6c Src\stm32l4xx_hal_msp.o
                0x08004b00                HAL_QSPI_MspInit
 .text.HAL_SPI_MspInit
                0x08004b6c       0x68 Src\stm32l4xx_hal_msp.o
                0x08004b6c                HAL_SPI_MspInit
 .text.HAL_TIM_Base_MspInit
                0x08004bd4       0x3c Src\stm32l4xx_hal_msp.o
                0x08004bd4                HAL_TIM_Base_MspInit
 .text.HAL_UART_MspInit
                0x08004c10      0x11c Src\stm32l4xx_hal_msp.o
                0x08004c10                HAL_UART_MspInit
 .text.HAL_PCD_MspInit
                0x08004d2c       0xa0 Src\stm32l4xx_hal_msp.o
                0x08004d2c                HAL_PCD_MspInit
 .text.NMI_Handler
                0x08004dcc        0x2 Src\stm32l4xx_it.o
                0x08004dcc                NMI_Handler
 .text.HardFault_Handler
                0x08004dce        0x2 Src\stm32l4xx_it.o
                0x08004dce                HardFault_Handler
 .text.MemManage_Handler
                0x08004dd0        0x2 Src\stm32l4xx_it.o
                0x08004dd0                MemManage_Handler
 .text.BusFault_Handler
                0x08004dd2        0x2 Src\stm32l4xx_it.o
                0x08004dd2                BusFault_Handler
 .text.UsageFault_Handler
                0x08004dd4        0x2 Src\stm32l4xx_it.o
                0x08004dd4                UsageFault_Handler
 .text.SVC_Handler
                0x08004dd6        0x2 Src\stm32l4xx_it.o
                0x08004dd6                SVC_Handler
 .text.DebugMon_Handler
                0x08004dd8        0x2 Src\stm32l4xx_it.o
                0x08004dd8                DebugMon_Handler
 .text.PendSV_Handler
                0x08004dda        0x2 Src\stm32l4xx_it.o
                0x08004dda                PendSV_Handler
 .text.SysTick_Handler
                0x08004ddc        0x4 Src\stm32l4xx_it.o
                0x08004ddc                SysTick_Handler
 .text.EXTI9_5_IRQHandler
                0x08004de0       0x20 Src\stm32l4xx_it.o
                0x08004de0                EXTI9_5_IRQHandler
 .text.USART1_IRQHandler
                0x08004e00      0x13c Src\stm32l4xx_it.o
                0x08004e00                USART1_IRQHandler
 .text.EXTI15_10_IRQHandler
                0x08004f3c       0x2e Src\stm32l4xx_it.o
                0x08004f3c                EXTI15_10_IRQHandler
 *fill*         0x08004f6a        0x2 
 .text.UART4_IRQHandler
                0x08004f6c        0xc Src\stm32l4xx_it.o
                0x08004f6c                UART4_IRQHandler
 .text.TIM6_DAC_IRQHandler
                0x08004f78        0xc Src\stm32l4xx_it.o
                0x08004f78                TIM6_DAC_IRQHandler
 .text.SystemInit
                0x08004f84       0x48 Src\system_stm32l4xx.o
                0x08004f84                SystemInit
 .text.VL53L0X_GetDeviceInfo
                0x08004fcc        0x4 Src\vl53l0x\vl53l0x_api.o
                0x08004fcc                VL53L0X_GetDeviceInfo
 .text.VL53L0X_SetDeviceMode
                0x08004fd0       0x20 Src\vl53l0x\vl53l0x_api.o
                0x08004fd0                VL53L0X_SetDeviceMode
 .text.VL53L0X_GetFractionEnable
                0x08004ff0       0x18 Src\vl53l0x\vl53l0x_api.o
                0x08004ff0                VL53L0X_GetFractionEnable
 .text.VL53L0X_SetMeasurementTimingBudgetMicroSeconds
                0x08005008        0x4 Src\vl53l0x\vl53l0x_api.o
                0x08005008                VL53L0X_SetMeasurementTimingBudgetMicroSeconds
 .text.VL53L0X_SetVcselPulsePeriod
                0x0800500c        0x4 Src\vl53l0x\vl53l0x_api.o
                0x0800500c                VL53L0X_SetVcselPulsePeriod
 .text.VL53L0X_GetVcselPulsePeriod
                0x08005010        0x4 Src\vl53l0x\vl53l0x_api.o
                0x08005010                VL53L0X_GetVcselPulsePeriod
 .text.VL53L0X_SetSequenceStepEnable
                0x08005014       0xa2 Src\vl53l0x\vl53l0x_api.o
                0x08005014                VL53L0X_SetSequenceStepEnable
 .text.VL53L0X_GetSequenceStepEnables
                0x080050b6       0x38 Src\vl53l0x\vl53l0x_api.o
                0x080050b6                VL53L0X_GetSequenceStepEnables
 .text.VL53L0X_GetSequenceStepTimeout
                0x080050ee       0x30 Src\vl53l0x\vl53l0x_api.o
                0x080050ee                VL53L0X_GetSequenceStepTimeout
 .text.VL53L0X_GetInterMeasurementPeriodMilliSeconds
                0x0800511e       0x34 Src\vl53l0x\vl53l0x_api.o
                0x0800511e                VL53L0X_GetInterMeasurementPeriodMilliSeconds
 .text.VL53L0X_GetXTalkCompensationEnable
                0x08005152        0x8 Src\vl53l0x\vl53l0x_api.o
                0x08005152                VL53L0X_GetXTalkCompensationEnable
 .text.VL53L0X_GetXTalkCompensationRateMegaCps
                0x0800515a       0x2e Src\vl53l0x\vl53l0x_api.o
                0x0800515a                VL53L0X_GetXTalkCompensationRateMegaCps
 .text.VL53L0X_SetLimitCheckEnable
                0x08005188       0x7e Src\vl53l0x\vl53l0x_api.o
                0x08005188                VL53L0X_SetLimitCheckEnable
 .text.VL53L0X_GetLimitCheckEnable
                0x08005206       0x1c Src\vl53l0x\vl53l0x_api.o
                0x08005206                VL53L0X_GetLimitCheckEnable
 .text.VL53L0X_SetLimitCheckValue
                0x08005222       0x5a Src\vl53l0x\vl53l0x_api.o
                0x08005222                VL53L0X_SetLimitCheckValue
 .text.VL53L0X_GetLimitCheckValue
                0x0800527c       0x6a Src\vl53l0x\vl53l0x_api.o
                0x0800527c                VL53L0X_GetLimitCheckValue
 .text.VL53L0X_GetWrapAroundCheckEnable
                0x080052e6       0x2e Src\vl53l0x\vl53l0x_api.o
                0x080052e6                VL53L0X_GetWrapAroundCheckEnable
 .text.VL53L0X_GetDeviceParameters
                0x08005314       0x76 Src\vl53l0x\vl53l0x_api.o
                0x08005314                VL53L0X_GetDeviceParameters
 *fill*         0x0800538a        0x2 
 .text.VL53L0X_DataInit
                0x0800538c      0x12c Src\vl53l0x\vl53l0x_api.o
                0x0800538c                VL53L0X_DataInit
 .text.VL53L0X_PerformRefCalibration
                0x080054b8        0x6 Src\vl53l0x\vl53l0x_api.o
                0x080054b8                VL53L0X_PerformRefCalibration
 .text.VL53L0X_GetRangingMeasurementData
                0x080054be      0x13a Src\vl53l0x\vl53l0x_api.o
                0x080054be                VL53L0X_GetRangingMeasurementData
 .text.VL53L0X_GetInterruptThresholds
                0x080055f8       0x40 Src\vl53l0x\vl53l0x_api.o
                0x080055f8                VL53L0X_GetInterruptThresholds
 .text.VL53L0X_CheckAndLoadInterruptSettings
                0x08005638       0x80 Src\vl53l0x\vl53l0x_api.o
                0x08005638                VL53L0X_CheckAndLoadInterruptSettings
 .text.VL53L0X_StartMeasurement
                0x080056b8       0x7e Src\vl53l0x\vl53l0x_api.o
                0x080056b8                VL53L0X_StartMeasurement
 .text.VL53L0X_PerformSingleMeasurement
                0x08005736       0x28 Src\vl53l0x\vl53l0x_api.o
                0x08005736                VL53L0X_PerformSingleMeasurement
 .text.VL53L0X_ClearInterruptMask
                0x0800575e       0x58 Src\vl53l0x\vl53l0x_api.o
                0x0800575e                VL53L0X_ClearInterruptMask
 .text.VL53L0X_PerformSingleRangingMeasurement
                0x080057b6       0x28 Src\vl53l0x\vl53l0x_api.o
                0x080057b6                VL53L0X_PerformSingleRangingMeasurement
 .text.VL53L0X_SetGpioConfig
                0x080057de      0x15a Src\vl53l0x\vl53l0x_api.o
                0x080057de                VL53L0X_SetGpioConfig
 .text.VL53L0X_StaticInit
                0x08005938      0x1a8 Src\vl53l0x\vl53l0x_api.o
                0x08005938                VL53L0X_StaticInit
 .text.VL53L0X_GetInterruptMaskStatus
                0x08005ae0       0x26 Src\vl53l0x\vl53l0x_api.o
                0x08005ae0                VL53L0X_GetInterruptMaskStatus
 .text.VL53L0X_GetMeasurementDataReady
                0x08005b06       0x3c Src\vl53l0x\vl53l0x_api.o
                0x08005b06                VL53L0X_GetMeasurementDataReady
 .text.VL53L0X_PerformRefSpadManagement
                0x08005b42        0x4 Src\vl53l0x\vl53l0x_api.o
                0x08005b42                VL53L0X_PerformRefSpadManagement
 .text.VL53L0X_get_offset_calibration_data_micro_meter
                0x08005b46       0x32 Src\vl53l0x\vl53l0x_api_calibration.o
                0x08005b46                VL53L0X_get_offset_calibration_data_micro_meter
 .text.get_next_good_spad
                0x08005b78       0x4e Src\vl53l0x\vl53l0x_api_calibration.o
                0x08005b78                get_next_good_spad
 *fill*         0x08005bc6        0x2 
 .text.is_aperture
                0x08005bc8       0x14 Src\vl53l0x\vl53l0x_api_calibration.o
                0x08005bc8                is_aperture
 .text.enable_spad_bit
                0x08005bdc       0x1e Src\vl53l0x\vl53l0x_api_calibration.o
                0x08005bdc                enable_spad_bit
 .text.set_ref_spad_map
                0x08005bfa        0xa Src\vl53l0x\vl53l0x_api_calibration.o
                0x08005bfa                set_ref_spad_map
 .text.get_ref_spad_map
                0x08005c04        0xa Src\vl53l0x\vl53l0x_api_calibration.o
                0x08005c04                get_ref_spad_map
 .text.enable_ref_spads
                0x08005c0e       0x96 Src\vl53l0x\vl53l0x_api_calibration.o
                0x08005c0e                enable_ref_spads
 .text.perform_ref_signal_measurement
                0x08005ca4       0x58 Src\vl53l0x\vl53l0x_api_calibration.o
                0x08005ca4                perform_ref_signal_measurement
 .text.VL53L0X_set_reference_spads
                0x08005cfc       0xaa Src\vl53l0x\vl53l0x_api_calibration.o
                0x08005cfc                VL53L0X_set_reference_spads
 .text.VL53L0X_perform_single_ref_calibration
                0x08005da6       0x32 Src\vl53l0x\vl53l0x_api_calibration.o
                0x08005da6                VL53L0X_perform_single_ref_calibration
 .text.VL53L0X_ref_calibration_io
                0x08005dd8       0xd0 Src\vl53l0x\vl53l0x_api_calibration.o
                0x08005dd8                VL53L0X_ref_calibration_io
 .text.VL53L0X_perform_vhv_calibration
                0x08005ea8       0x74 Src\vl53l0x\vl53l0x_api_calibration.o
                0x08005ea8                VL53L0X_perform_vhv_calibration
 .text.VL53L0X_perform_phase_calibration
                0x08005f1c       0x6e Src\vl53l0x\vl53l0x_api_calibration.o
                0x08005f1c                VL53L0X_perform_phase_calibration
 .text.VL53L0X_perform_ref_calibration
                0x08005f8a       0x36 Src\vl53l0x\vl53l0x_api_calibration.o
                0x08005f8a                VL53L0X_perform_ref_calibration
 .text.VL53L0X_perform_ref_spad_management
                0x08005fc0      0x270 Src\vl53l0x\vl53l0x_api_calibration.o
                0x08005fc0                VL53L0X_perform_ref_spad_management
 .text.VL53L0X_measurement_poll_for_completion
                0x08006230       0x34 Src\vl53l0x\vl53l0x_api_core.o
                0x08006230                VL53L0X_measurement_poll_for_completion
 .text.VL53L0X_isqrt
                0x08006264       0x2a Src\vl53l0x\vl53l0x_api_core.o
                0x08006264                VL53L0X_isqrt
 .text.VL53L0X_device_read_strobe
                0x0800628e       0x42 Src\vl53l0x\vl53l0x_api_core.o
                0x0800628e                VL53L0X_device_read_strobe
 .text.VL53L0X_get_info_from_device
                0x080062d0      0x554 Src\vl53l0x\vl53l0x_api_core.o
                0x080062d0                VL53L0X_get_info_from_device
 .text.VL53L0X_encode_timeout
                0x08006824       0x1e Src\vl53l0x\vl53l0x_api_core.o
                0x08006824                VL53L0X_encode_timeout
 .text.VL53L0X_decode_timeout
                0x08006842        0xc Src\vl53l0x\vl53l0x_api_core.o
                0x08006842                VL53L0X_decode_timeout
 *fill*         0x0800684e        0x2 
 .text.VL53L0X_calc_timeout_mclks
                0x08006850       0x28 Src\vl53l0x\vl53l0x_api_core.o
                0x08006850                VL53L0X_calc_timeout_mclks
 .text.VL53L0X_calc_timeout_us
                0x08006878       0x28 Src\vl53l0x\vl53l0x_api_core.o
                0x08006878                VL53L0X_calc_timeout_us
 .text.get_sequence_step_timeout
                0x080068a0      0x108 Src\vl53l0x\vl53l0x_api_core.o
                0x080068a0                get_sequence_step_timeout
 .text.set_sequence_step_timeout
                0x080069a8      0x110 Src\vl53l0x\vl53l0x_api_core.o
                0x080069a8                set_sequence_step_timeout
 .text.VL53L0X_set_vcsel_pulse_period
                0x08006ab8      0x216 Src\vl53l0x\vl53l0x_api_core.o
                0x08006ab8                VL53L0X_set_vcsel_pulse_period
 .text.VL53L0X_get_vcsel_pulse_period
                0x08006cce       0x32 Src\vl53l0x\vl53l0x_api_core.o
                0x08006cce                VL53L0X_get_vcsel_pulse_period
 .text.VL53L0X_set_measurement_timing_budget_micro_seconds
                0x08006d00       0xc2 Src\vl53l0x\vl53l0x_api_core.o
                0x08006d00                VL53L0X_set_measurement_timing_budget_micro_seconds
 .text.VL53L0X_get_measurement_timing_budget_micro_seconds
                0x08006dc2       0xca Src\vl53l0x\vl53l0x_api_core.o
                0x08006dc2                VL53L0X_get_measurement_timing_budget_micro_seconds
 .text.VL53L0X_load_tuning_settings
                0x08006e8c       0xa6 Src\vl53l0x\vl53l0x_api_core.o
                0x08006e8c                VL53L0X_load_tuning_settings
 .text.VL53L0X_get_total_xtalk_rate
                0x08006f32       0x2c Src\vl53l0x\vl53l0x_api_core.o
                0x08006f32                VL53L0X_get_total_xtalk_rate
 .text.VL53L0X_get_total_signal_rate
                0x08006f5e       0x1c Src\vl53l0x\vl53l0x_api_core.o
                0x08006f5e                VL53L0X_get_total_signal_rate
 *fill*         0x08006f7a        0x2 
 .text.VL53L0X_calc_dmax
                0x08006f7c       0xcc Src\vl53l0x\vl53l0x_api_core.o
                0x08006f7c                VL53L0X_calc_dmax
 .text.VL53L0X_calc_sigma_estimate
                0x08007048      0x1d8 Src\vl53l0x\vl53l0x_api_core.o
                0x08007048                VL53L0X_calc_sigma_estimate
 .text.VL53L0X_get_pal_range_status
                0x08007220      0x204 Src\vl53l0x\vl53l0x_api_core.o
                0x08007220                VL53L0X_get_pal_range_status
 .text.VL53L0X_check_part_used
                0x08007424       0x38 Src\vl53l0x\vl53l0x_api_strings.o
                0x08007424                VL53L0X_check_part_used
 .text.VL53L0X_get_device_info
                0x0800745c       0x84 Src\vl53l0x\vl53l0x_api_strings.o
                0x0800745c                VL53L0X_get_device_info
 .text._I2CWrite
                0x080074e0       0x1e Src\vl53l0x\vl53l0x_tof.o
                0x080074e0                _I2CWrite
 .text._I2CRead
                0x080074fe       0x20 Src\vl53l0x\vl53l0x_tof.o
                0x080074fe                _I2CRead
 .text.VL53L0X_RdByte
                0x0800751e       0x2a Src\vl53l0x\vl53l0x_tof.o
                0x0800751e                VL53L0X_RdByte
 .text.VL53L0X_WriteMulti
                0x08007548       0x3c Src\vl53l0x\vl53l0x_tof.o
                0x08007548                VL53L0X_WriteMulti
 .text.VL53L0X_ReadMulti
                0x08007584       0x2c Src\vl53l0x\vl53l0x_tof.o
                0x08007584                VL53L0X_ReadMulti
 .text.VL53L0X_RdWord
                0x080075b0       0x40 Src\vl53l0x\vl53l0x_tof.o
                0x080075b0                VL53L0X_RdWord
 .text.VL53L0X_RdDWord
                0x080075f0       0x4c Src\vl53l0x\vl53l0x_tof.o
                0x080075f0                VL53L0X_RdDWord
 .text.VL53L0X_WrByte
                0x0800763c       0x20 Src\vl53l0x\vl53l0x_tof.o
                0x0800763c                VL53L0X_WrByte
 .text.VL53L0X_WrWord
                0x0800765c       0x24 Src\vl53l0x\vl53l0x_tof.o
                0x0800765c                VL53L0X_WrWord
 .text.VL53L0X_UpdateByte
                0x08007680       0x2c Src\vl53l0x\vl53l0x_tof.o
                0x08007680                VL53L0X_UpdateByte
 .text.VL53L0X_PollingDelay
                0x080076ac        0xc Src\vl53l0x\vl53l0x_tof.o
                0x080076ac                VL53L0X_PollingDelay
 .text.SetupSingleShot
                0x080076b8      0x108 Src\vl53l0x\vl53l0x_tof.o
                0x080076b8                SetupSingleShot
 .text.Reset_Handler
                0x080077c0       0x50 startup\startup_stm32l475xx.o
                0x080077c0                Reset_Handler
 .text.Default_Handler
                0x08007810        0x2 startup\startup_stm32l475xx.o
                0x08007810                RTC_Alarm_IRQHandler
                0x08007810                EXTI2_IRQHandler
                0x08007810                TIM8_TRG_COM_IRQHandler
                0x08007810                TIM8_CC_IRQHandler
                0x08007810                TIM1_CC_IRQHandler
                0x08007810                TSC_IRQHandler
                0x08007810                TAMP_STAMP_IRQHandler
                0x08007810                EXTI3_IRQHandler
                0x08007810                LPTIM2_IRQHandler
                0x08007810                DFSDM1_FLT1_IRQHandler
                0x08007810                I2C3_ER_IRQHandler
                0x08007810                DFSDM1_FLT2_IRQHandler
                0x08007810                EXTI0_IRQHandler
                0x08007810                I2C2_EV_IRQHandler
                0x08007810                CAN1_RX0_IRQHandler
                0x08007810                FPU_IRQHandler
                0x08007810                TIM1_UP_TIM16_IRQHandler
                0x08007810                ADC1_2_IRQHandler
                0x08007810                SPI1_IRQHandler
                0x08007810                TIM8_UP_IRQHandler
                0x08007810                DMA2_Channel2_IRQHandler
                0x08007810                DMA1_Channel4_IRQHandler
                0x08007810                SAI2_IRQHandler
                0x08007810                DFSDM1_FLT3_IRQHandler
                0x08007810                USART3_IRQHandler
                0x08007810                DMA1_Channel7_IRQHandler
                0x08007810                CAN1_RX1_IRQHandler
                0x08007810                UART5_IRQHandler
                0x08007810                ADC3_IRQHandler
                0x08007810                TIM4_IRQHandler
                0x08007810                DMA2_Channel1_IRQHandler
                0x08007810                QUADSPI_IRQHandler
                0x08007810                I2C1_EV_IRQHandler
                0x08007810                DMA1_Channel6_IRQHandler
                0x08007810                DMA2_Channel4_IRQHandler
                0x08007810                TIM3_IRQHandler
                0x08007810                RCC_IRQHandler
                0x08007810                DMA1_Channel1_IRQHandler
                0x08007810                Default_Handler
                0x08007810                DMA2_Channel7_IRQHandler
                0x08007810                TIM7_IRQHandler
                0x08007810                SDMMC1_IRQHandler
                0x08007810                TIM5_IRQHandler
                0x08007810                I2C3_EV_IRQHandler
                0x08007810                RTC_WKUP_IRQHandler
                0x08007810                PVD_PVM_IRQHandler
                0x08007810                SPI2_IRQHandler
                0x08007810                CAN1_TX_IRQHandler
                0x08007810                DMA2_Channel5_IRQHandler
                0x08007810                DMA1_Channel5_IRQHandler
                0x08007810                EXTI4_IRQHandler
                0x08007810                RNG_IRQHandler
                0x08007810                TIM1_TRG_COM_TIM17_IRQHandler
                0x08007810                DMA1_Channel3_IRQHandler
                0x08007810                COMP_IRQHandler
                0x08007810                WWDG_IRQHandler
                0x08007810                LPUART1_IRQHandler
                0x08007810                DMA2_Channel6_IRQHandler
                0x08007810                TIM2_IRQHandler
                0x08007810                EXTI1_IRQHandler
                0x08007810                USART2_IRQHandler
                0x08007810                DFSDM1_FLT0_IRQHandler
                0x08007810                I2C2_ER_IRQHandler
                0x08007810                DMA1_Channel2_IRQHandler
                0x08007810                TIM8_BRK_IRQHandler
                0x08007810                CAN1_SCE_IRQHandler
                0x08007810                FLASH_IRQHandler
                0x08007810                OTG_FS_IRQHandler
                0x08007810                SPI3_IRQHandler
                0x08007810                I2C1_ER_IRQHandler
                0x08007810                FMC_IRQHandler
                0x08007810                SWPMI1_IRQHandler
                0x08007810                LPTIM1_IRQHandler
                0x08007810                SAI1_IRQHandler
                0x08007810                DMA2_Channel3_IRQHandler
                0x08007810                TIM1_BRK_TIM15_IRQHandler
 *fill*         0x08007812        0x2 
 .text.__libc_init_array
                0x08007814       0x48 c:/program files (x86)/atollic/truestudio for stm32 9.2.0/armtools/bin/../lib/gcc/arm-atollic-eabi/6.3.1/../../../../arm-atollic-eabi/lib/armv7e-m/fpu\libc_nano.a(lib_a-init.o)
                0x08007814                __libc_init_array
 .text.memcpy   0x0800785c       0x16 c:/program files (x86)/atollic/truestudio for stm32 9.2.0/armtools/bin/../lib/gcc/arm-atollic-eabi/6.3.1/../../../../arm-atollic-eabi/lib/armv7e-m/fpu\libc_nano.a(lib_a-memcpy-stub.o)
                0x0800785c                memcpy
 .text.memset   0x08007872       0x10 c:/program files (x86)/atollic/truestudio for stm32 9.2.0/armtools/bin/../lib/gcc/arm-atollic-eabi/6.3.1/../../../../arm-atollic-eabi/lib/armv7e-m/fpu\libc_nano.a(lib_a-memset.o)
                0x08007872                memset
 .text.__cvt    0x08007882       0xc2 c:/program files (x86)/atollic/truestudio for stm32 9.2.0/armtools/bin/../lib/gcc/arm-atollic-eabi/6.3.1/../../../../arm-atollic-eabi/lib/armv7e-m/fpu\libc_nano.a(lib_a-nano-vfprintf_float.o)
                0x08007882                __cvt
 .text.__exponent
                0x08007944       0x6a c:/program files (x86)/atollic/truestudio for stm32 9.2.0/armtools/bin/../lib/gcc/arm-atollic-eabi/6.3.1/../../../../arm-atollic-eabi/lib/armv7e-m/fpu\libc_nano.a(lib_a-nano-vfprintf_float.o)
                0x08007944                __exponent
 *fill*         0x080079ae        0x2 
 .text._printf_float
                0x080079b0      0x480 c:/program files (x86)/atollic/truestudio for stm32 9.2.0/armtools/bin/../lib/gcc/arm-atollic-eabi/6.3.1/../../../../arm-atollic-eabi/lib/armv7e-m/fpu\libc_nano.a(lib_a-nano-vfprintf_float.o)
                0x080079b0                _printf_float
 .text._printf_common
                0x08007e30       0xec c:/program files (x86)/atollic/truestudio for stm32 9.2.0/armtools/bin/../lib/gcc/arm-atollic-eabi/6.3.1/../../../../arm-atollic-eabi/lib/armv7e-m/fpu\libc_nano.a(lib_a-nano-vfprintf_i.o)
                0x08007e30                _printf_common
 .text._printf_i
                0x08007f1c      0x240 c:/program files (x86)/atollic/truestudio for stm32 9.2.0/armtools/bin/../lib/gcc/arm-atollic-eabi/6.3.1/../../../../arm-atollic-eabi/lib/armv7e-m/fpu\libc_nano.a(lib_a-nano-vfprintf_i.o)
                0x08007f1c                _printf_i
 .text._puts_r  0x0800815c       0xb8 c:/program files (x86)/atollic/truestudio for stm32 9.2.0/armtools/bin/../lib/gcc/arm-atollic-eabi/6.3.1/../../../../arm-atollic-eabi/lib/armv7e-m/fpu\libc_nano.a(lib_a-puts.o)
                0x0800815c                _puts_r
 .text.puts     0x08008214       0x10 c:/program files (x86)/atollic/truestudio for stm32 9.2.0/armtools/bin/../lib/gcc/arm-atollic-eabi/6.3.1/../../../../arm-atollic-eabi/lib/armv7e-m/fpu\libc_nano.a(lib_a-puts.o)
                0x08008214                puts
 .text.sprintf  0x08008224       0x48 c:/program files (x86)/atollic/truestudio for stm32 9.2.0/armtools/bin/../lib/gcc/arm-atollic-eabi/6.3.1/../../../../arm-atollic-eabi/lib/armv7e-m/fpu\libc_nano.a(lib_a-sprintf.o)
                0x08008224                siprintf
                0x08008224                sprintf
 .text.strcpy   0x0800826c       0x10 c:/program files (x86)/atollic/truestudio for stm32 9.2.0/armtools/bin/../lib/gcc/arm-atollic-eabi/6.3.1/../../../../arm-atollic-eabi/lib/armv7e-m/fpu\libc_nano.a(lib_a-strcpy.o)
                0x0800826c                strcpy
 .text.__swbuf_r
                0x0800827c       0xa4 c:/program files (x86)/atollic/truestudio for stm32 9.2.0/armtools/bin/../lib/gcc/arm-atollic-eabi/6.3.1/../../../../arm-atollic-eabi/lib/armv7e-m/fpu\libc_nano.a(lib_a-wbuf.o)
                0x0800827c                __swbuf_r
 .text.__swsetup_r
                0x08008320       0xdc c:/program files (x86)/atollic/truestudio for stm32 9.2.0/armtools/bin/../lib/gcc/arm-atollic-eabi/6.3.1/../../../../arm-atollic-eabi/lib/armv7e-m/fpu\libc_nano.a(lib_a-wsetup.o)
                0x08008320                __swsetup_r
 .text.quorem   0x080083fc      0x118 c:/program files (x86)/atollic/truestudio for stm32 9.2.0/armtools/bin/../lib/gcc/arm-atollic-eabi/6.3.1/../../../../arm-atollic-eabi/lib/armv7e-m/fpu\libc_nano.a(lib_a-dtoa.o)
 *fill*         0x08008514        0x4 
 .text._dtoa_r  0x08008518      0xb9c c:/program files (x86)/atollic/truestudio for stm32 9.2.0/armtools/bin/../lib/gcc/arm-atollic-eabi/6.3.1/../../../../arm-atollic-eabi/lib/armv7e-m/fpu\libc_nano.a(lib_a-dtoa.o)
                0x08008518                _dtoa_r
 .text.__sflush_r
                0x080090b4      0x110 c:/program files (x86)/atollic/truestudio for stm32 9.2.0/armtools/bin/../lib/gcc/arm-atollic-eabi/6.3.1/../../../../arm-atollic-eabi/lib/armv7e-m/fpu\libc_nano.a(lib_a-fflush.o)
                0x080090b4                __sflush_r
 .text._fflush_r
                0x080091c4       0x54 c:/program files (x86)/atollic/truestudio for stm32 9.2.0/armtools/bin/../lib/gcc/arm-atollic-eabi/6.3.1/../../../../arm-atollic-eabi/lib/armv7e-m/fpu\libc_nano.a(lib_a-fflush.o)
                0x080091c4                _fflush_r
 .text._cleanup_r
                0x08009218        0xc c:/program files (x86)/atollic/truestudio for stm32 9.2.0/armtools/bin/../lib/gcc/arm-atollic-eabi/6.3.1/../../../../arm-atollic-eabi/lib/armv7e-m/fpu\libc_nano.a(lib_a-findfp.o)
                0x08009218                _cleanup_r
 .text.std.isra.0
                0x08009224       0x48 c:/program files (x86)/atollic/truestudio for stm32 9.2.0/armtools/bin/../lib/gcc/arm-atollic-eabi/6.3.1/../../../../arm-atollic-eabi/lib/armv7e-m/fpu\libc_nano.a(lib_a-findfp.o)
 .text.__sfmoreglue
                0x0800926c       0x2c c:/program files (x86)/atollic/truestudio for stm32 9.2.0/armtools/bin/../lib/gcc/arm-atollic-eabi/6.3.1/../../../../arm-atollic-eabi/lib/armv7e-m/fpu\libc_nano.a(lib_a-findfp.o)
                0x0800926c                __sfmoreglue
 .text.__sinit  0x08009298       0x60 c:/program files (x86)/atollic/truestudio for stm32 9.2.0/armtools/bin/../lib/gcc/arm-atollic-eabi/6.3.1/../../../../arm-atollic-eabi/lib/armv7e-m/fpu\libc_nano.a(lib_a-findfp.o)
                0x08009298                __sinit
 .text.__sfp    0x080092f8       0x78 c:/program files (x86)/atollic/truestudio for stm32 9.2.0/armtools/bin/../lib/gcc/arm-atollic-eabi/6.3.1/../../../../arm-atollic-eabi/lib/armv7e-m/fpu\libc_nano.a(lib_a-findfp.o)
                0x080092f8                __sfp
 .text._fwalk_reent
                0x08009370       0x3c c:/program files (x86)/atollic/truestudio for stm32 9.2.0/armtools/bin/../lib/gcc/arm-atollic-eabi/6.3.1/../../../../arm-atollic-eabi/lib/armv7e-m/fpu\libc_nano.a(lib_a-fwalk.o)
                0x08009370                _fwalk_reent
 .text._localeconv_r
                0x080093ac       0x1c c:/program files (x86)/atollic/truestudio for stm32 9.2.0/armtools/bin/../lib/gcc/arm-atollic-eabi/6.3.1/../../../../arm-atollic-eabi/lib/armv7e-m/fpu\libc_nano.a(lib_a-localeconv.o)
                0x080093ac                _localeconv_r
 .text.__swhatbuf_r
                0x080093c8       0x48 c:/program files (x86)/atollic/truestudio for stm32 9.2.0/armtools/bin/../lib/gcc/arm-atollic-eabi/6.3.1/../../../../arm-atollic-eabi/lib/armv7e-m/fpu\libc_nano.a(lib_a-makebuf.o)
                0x080093c8                __swhatbuf_r
 .text.__smakebuf_r
                0x08009410       0x80 c:/program files (x86)/atollic/truestudio for stm32 9.2.0/armtools/bin/../lib/gcc/arm-atollic-eabi/6.3.1/../../../../arm-atollic-eabi/lib/armv7e-m/fpu\libc_nano.a(lib_a-makebuf.o)
                0x08009410                __smakebuf_r
 .text.malloc   0x08009490       0x10 c:/program files (x86)/atollic/truestudio for stm32 9.2.0/armtools/bin/../lib/gcc/arm-atollic-eabi/6.3.1/../../../../arm-atollic-eabi/lib/armv7e-m/fpu\libc_nano.a(lib_a-malloc.o)
                0x08009490                malloc
 .text._Balloc  0x080094a0       0x68 c:/program files (x86)/atollic/truestudio for stm32 9.2.0/armtools/bin/../lib/gcc/arm-atollic-eabi/6.3.1/../../../../arm-atollic-eabi/lib/armv7e-m/fpu\libc_nano.a(lib_a-mprec.o)
                0x080094a0                _Balloc
 .text._Bfree   0x08009508       0x2e c:/program files (x86)/atollic/truestudio for stm32 9.2.0/armtools/bin/../lib/gcc/arm-atollic-eabi/6.3.1/../../../../arm-atollic-eabi/lib/armv7e-m/fpu\libc_nano.a(lib_a-mprec.o)
                0x08009508                _Bfree
 .text.__multadd
                0x08009536       0x76 c:/program files (x86)/atollic/truestudio for stm32 9.2.0/armtools/bin/../lib/gcc/arm-atollic-eabi/6.3.1/../../../../arm-atollic-eabi/lib/armv7e-m/fpu\libc_nano.a(lib_a-mprec.o)
                0x08009536                __multadd
 .text.__hi0bits
                0x080095ac       0x3e c:/program files (x86)/atollic/truestudio for stm32 9.2.0/armtools/bin/../lib/gcc/arm-atollic-eabi/6.3.1/../../../../arm-atollic-eabi/lib/armv7e-m/fpu\libc_nano.a(lib_a-mprec.o)
                0x080095ac                __hi0bits
 .text.__lo0bits
                0x080095ea       0x5e c:/program files (x86)/atollic/truestudio for stm32 9.2.0/armtools/bin/../lib/gcc/arm-atollic-eabi/6.3.1/../../../../arm-atollic-eabi/lib/armv7e-m/fpu\libc_nano.a(lib_a-mprec.o)
                0x080095ea                __lo0bits
 .text.__i2b    0x08009648       0x12 c:/program files (x86)/atollic/truestudio for stm32 9.2.0/armtools/bin/../lib/gcc/arm-atollic-eabi/6.3.1/../../../../arm-atollic-eabi/lib/armv7e-m/fpu\libc_nano.a(lib_a-mprec.o)
                0x08009648                __i2b
 .text.__multiply
                0x0800965a      0x11a c:/program files (x86)/atollic/truestudio for stm32 9.2.0/armtools/bin/../lib/gcc/arm-atollic-eabi/6.3.1/../../../../arm-atollic-eabi/lib/armv7e-m/fpu\libc_nano.a(lib_a-mprec.o)
                0x0800965a                __multiply
 .text.__pow5mult
                0x08009774       0x9c c:/program files (x86)/atollic/truestudio for stm32 9.2.0/armtools/bin/../lib/gcc/arm-atollic-eabi/6.3.1/../../../../arm-atollic-eabi/lib/armv7e-m/fpu\libc_nano.a(lib_a-mprec.o)
                0x08009774                __pow5mult
 .text.__lshift
                0x08009810       0xa2 c:/program files (x86)/atollic/truestudio for stm32 9.2.0/armtools/bin/../lib/gcc/arm-atollic-eabi/6.3.1/../../../../arm-atollic-eabi/lib/armv7e-m/fpu\libc_nano.a(lib_a-mprec.o)
                0x08009810                __lshift
 .text.__mcmp   0x080098b2       0x34 c:/program files (x86)/atollic/truestudio for stm32 9.2.0/armtools/bin/../lib/gcc/arm-atollic-eabi/6.3.1/../../../../arm-atollic-eabi/lib/armv7e-m/fpu\libc_nano.a(lib_a-mprec.o)
                0x080098b2                __mcmp
 .text.__mdiff  0x080098e6       0xbc c:/program files (x86)/atollic/truestudio for stm32 9.2.0/armtools/bin/../lib/gcc/arm-atollic-eabi/6.3.1/../../../../arm-atollic-eabi/lib/armv7e-m/fpu\libc_nano.a(lib_a-mprec.o)
                0x080098e6                __mdiff
 .text.__d2b    0x080099a2       0x9e c:/program files (x86)/atollic/truestudio for stm32 9.2.0/armtools/bin/../lib/gcc/arm-atollic-eabi/6.3.1/../../../../arm-atollic-eabi/lib/armv7e-m/fpu\libc_nano.a(lib_a-mprec.o)
                0x080099a2                __d2b
 .text._calloc_r
                0x08009a40       0x1c c:/program files (x86)/atollic/truestudio for stm32 9.2.0/armtools/bin/../lib/gcc/arm-atollic-eabi/6.3.1/../../../../arm-atollic-eabi/lib/armv7e-m/fpu\libc_nano.a(lib_a-nano-callocr.o)
                0x08009a40                _calloc_r
 .text._free_r  0x08009a5c       0x9c c:/program files (x86)/atollic/truestudio for stm32 9.2.0/armtools/bin/../lib/gcc/arm-atollic-eabi/6.3.1/../../../../arm-atollic-eabi/lib/armv7e-m/fpu\libc_nano.a(lib_a-nano-freer.o)
                0x08009a5c                _free_r
 .text._malloc_r
                0x08009af8       0xbc c:/program files (x86)/atollic/truestudio for stm32 9.2.0/armtools/bin/../lib/gcc/arm-atollic-eabi/6.3.1/../../../../arm-atollic-eabi/lib/armv7e-m/fpu\libc_nano.a(lib_a-nano-mallocr.o)
                0x08009af8                _malloc_r
 .text.__ssputs_r
                0x08009bb4       0xb6 c:/program files (x86)/atollic/truestudio for stm32 9.2.0/armtools/bin/../lib/gcc/arm-atollic-eabi/6.3.1/../../../../arm-atollic-eabi/lib/armv7e-m/fpu\libc_nano.a(lib_a-nano-svfprintf.o)
                0x08009bb4                __ssputs_r
 *fill*         0x08009c6a        0x2 
 .text._svfprintf_r
                0x08009c6c      0x1e8 c:/program files (x86)/atollic/truestudio for stm32 9.2.0/armtools/bin/../lib/gcc/arm-atollic-eabi/6.3.1/../../../../arm-atollic-eabi/lib/armv7e-m/fpu\libc_nano.a(lib_a-nano-svfprintf.o)
                0x08009c6c                _svfiprintf_r
                0x08009c6c                _svfprintf_r
 .text._sbrk_r  0x08009e54       0x20 c:/program files (x86)/atollic/truestudio for stm32 9.2.0/armtools/bin/../lib/gcc/arm-atollic-eabi/6.3.1/../../../../arm-atollic-eabi/lib/armv7e-m/fpu\libc_nano.a(lib_a-sbrkr.o)
                0x08009e54                _sbrk_r
 .text.__sread  0x08009e74       0x22 c:/program files (x86)/atollic/truestudio for stm32 9.2.0/armtools/bin/../lib/gcc/arm-atollic-eabi/6.3.1/../../../../arm-atollic-eabi/lib/armv7e-m/fpu\libc_nano.a(lib_a-stdio.o)
                0x08009e74                __sread
 .text.__swrite
                0x08009e96       0x38 c:/program files (x86)/atollic/truestudio for stm32 9.2.0/armtools/bin/../lib/gcc/arm-atollic-eabi/6.3.1/../../../../arm-atollic-eabi/lib/armv7e-m/fpu\libc_nano.a(lib_a-stdio.o)
                0x08009e96                __swrite
 .text.__sseek  0x08009ece       0x24 c:/program files (x86)/atollic/truestudio for stm32 9.2.0/armtools/bin/../lib/gcc/arm-atollic-eabi/6.3.1/../../../../arm-atollic-eabi/lib/armv7e-m/fpu\libc_nano.a(lib_a-stdio.o)
                0x08009ece                __sseek
 .text.__sclose
                0x08009ef2        0x8 c:/program files (x86)/atollic/truestudio for stm32 9.2.0/armtools/bin/../lib/gcc/arm-atollic-eabi/6.3.1/../../../../arm-atollic-eabi/lib/armv7e-m/fpu\libc_nano.a(lib_a-stdio.o)
                0x08009ef2                __sclose
 *fill*         0x08009efa        0x2 
 .text._write_r
                0x08009efc       0x24 c:/program files (x86)/atollic/truestudio for stm32 9.2.0/armtools/bin/../lib/gcc/arm-atollic-eabi/6.3.1/../../../../arm-atollic-eabi/lib/armv7e-m/fpu\libc_nano.a(lib_a-writer.o)
                0x08009efc                _write_r
 .text._close_r
                0x08009f20       0x20 c:/program files (x86)/atollic/truestudio for stm32 9.2.0/armtools/bin/../lib/gcc/arm-atollic-eabi/6.3.1/../../../../arm-atollic-eabi/lib/armv7e-m/fpu\libc_nano.a(lib_a-closer.o)
                0x08009f20                _close_r
 .text._fstat_r
                0x08009f40       0x24 c:/program files (x86)/atollic/truestudio for stm32 9.2.0/armtools/bin/../lib/gcc/arm-atollic-eabi/6.3.1/../../../../arm-atollic-eabi/lib/armv7e-m/fpu\libc_nano.a(lib_a-fstatr.o)
                0x08009f40                _fstat_r
 .text._isatty_r
                0x08009f64       0x20 c:/program files (x86)/atollic/truestudio for stm32 9.2.0/armtools/bin/../lib/gcc/arm-atollic-eabi/6.3.1/../../../../arm-atollic-eabi/lib/armv7e-m/fpu\libc_nano.a(lib_a-isattyr.o)
                0x08009f64                _isatty_r
 .text._lseek_r
                0x08009f84       0x24 c:/program files (x86)/atollic/truestudio for stm32 9.2.0/armtools/bin/../lib/gcc/arm-atollic-eabi/6.3.1/../../../../arm-atollic-eabi/lib/armv7e-m/fpu\libc_nano.a(lib_a-lseekr.o)
                0x08009f84                _lseek_r
 .text.__ascii_mbtowc
                0x08009fa8       0x24 c:/program files (x86)/atollic/truestudio for stm32 9.2.0/armtools/bin/../lib/gcc/arm-atollic-eabi/6.3.1/../../../../arm-atollic-eabi/lib/armv7e-m/fpu\libc_nano.a(lib_a-mbtowc_r.o)
                0x08009fa8                __ascii_mbtowc
 .text.memmove  0x08009fcc       0x34 c:/program files (x86)/atollic/truestudio for stm32 9.2.0/armtools/bin/../lib/gcc/arm-atollic-eabi/6.3.1/../../../../arm-atollic-eabi/lib/armv7e-m/fpu\libc_nano.a(lib_a-memmove.o)
                0x08009fcc                memmove
 .text.__malloc_lock
                0x0800a000        0x2 c:/program files (x86)/atollic/truestudio for stm32 9.2.0/armtools/bin/../lib/gcc/arm-atollic-eabi/6.3.1/../../../../arm-atollic-eabi/lib/armv7e-m/fpu\libc_nano.a(lib_a-mlock.o)
                0x0800a000                __malloc_lock
 .text.__malloc_unlock
                0x0800a002        0x2 c:/program files (x86)/atollic/truestudio for stm32 9.2.0/armtools/bin/../lib/gcc/arm-atollic-eabi/6.3.1/../../../../arm-atollic-eabi/lib/armv7e-m/fpu\libc_nano.a(lib_a-mlock.o)
                0x0800a002                __malloc_unlock
 .text._realloc_r
                0x0800a004       0x4c c:/program files (x86)/atollic/truestudio for stm32 9.2.0/armtools/bin/../lib/gcc/arm-atollic-eabi/6.3.1/../../../../arm-atollic-eabi/lib/armv7e-m/fpu\libc_nano.a(lib_a-nano-reallocr.o)
                0x0800a004                _realloc_r
 .text._read_r  0x0800a050       0x24 c:/program files (x86)/atollic/truestudio for stm32 9.2.0/armtools/bin/../lib/gcc/arm-atollic-eabi/6.3.1/../../../../arm-atollic-eabi/lib/armv7e-m/fpu\libc_nano.a(lib_a-readr.o)
                0x0800a050                _read_r
 .text.__ascii_wctomb
                0x0800a074       0x1a c:/program files (x86)/atollic/truestudio for stm32 9.2.0/armtools/bin/../lib/gcc/arm-atollic-eabi/6.3.1/../../../../arm-atollic-eabi/lib/armv7e-m/fpu\libc_nano.a(lib_a-wctomb_r.o)
                0x0800a074                __ascii_wctomb
 .text._malloc_usable_size_r
                0x0800a08e       0x12 c:/program files (x86)/atollic/truestudio for stm32 9.2.0/armtools/bin/../lib/gcc/arm-atollic-eabi/6.3.1/../../../../arm-atollic-eabi/lib/armv7e-m/fpu\libc_nano.a(lib_a-nano-msizer.o)
                0x0800a08e                _malloc_usable_size_r
 .text._close   0x0800a0a0       0x10 c:/program files (x86)/atollic/truestudio for stm32 9.2.0/armtools/bin/../lib/gcc/arm-atollic-eabi/6.3.1/../../../../arm-atollic-eabi/lib/armv7e-m/fpu\libnosys.a(close.o)
                0x0800a0a0                _close
 .text._fstat   0x0800a0b0       0x10 c:/program files (x86)/atollic/truestudio for stm32 9.2.0/armtools/bin/../lib/gcc/arm-atollic-eabi/6.3.1/../../../../arm-atollic-eabi/lib/armv7e-m/fpu\libnosys.a(fstat.o)
                0x0800a0b0                _fstat
 .text._isatty  0x0800a0c0       0x10 c:/program files (x86)/atollic/truestudio for stm32 9.2.0/armtools/bin/../lib/gcc/arm-atollic-eabi/6.3.1/../../../../arm-atollic-eabi/lib/armv7e-m/fpu\libnosys.a(isatty.o)
                0x0800a0c0                _isatty
 .text._lseek   0x0800a0d0       0x10 c:/program files (x86)/atollic/truestudio for stm32 9.2.0/armtools/bin/../lib/gcc/arm-atollic-eabi/6.3.1/../../../../arm-atollic-eabi/lib/armv7e-m/fpu\libnosys.a(lseek.o)
                0x0800a0d0                _lseek
 .text._read    0x0800a0e0       0x10 c:/program files (x86)/atollic/truestudio for stm32 9.2.0/armtools/bin/../lib/gcc/arm-atollic-eabi/6.3.1/../../../../arm-atollic-eabi/lib/armv7e-m/fpu\libnosys.a(read.o)
                0x0800a0e0                _read
 .text._sbrk    0x0800a0f0       0x1c c:/program files (x86)/atollic/truestudio for stm32 9.2.0/armtools/bin/../lib/gcc/arm-atollic-eabi/6.3.1/../../../../arm-atollic-eabi/lib/armv7e-m/fpu\libnosys.a(sbrk.o)
                0x0800a0f0                _sbrk
 .text._write   0x0800a10c       0x10 c:/program files (x86)/atollic/truestudio for stm32 9.2.0/armtools/bin/../lib/gcc/arm-atollic-eabi/6.3.1/../../../../arm-atollic-eabi/lib/armv7e-m/fpu\libnosys.a(write.o)
                0x0800a10c                _write
 *(.glue_7)
 .glue_7        0x0800a11c        0x0 linker stubs
 *(.glue_7t)
 .glue_7t       0x0800a11c        0x0 linker stubs
 *(.eh_frame)
 .eh_frame      0x0800a11c        0x0 c:/program files (x86)/atollic/truestudio for stm32 9.2.0/armtools/bin/../lib/gcc/arm-atollic-eabi/6.3.1/armv7e-m/fpu/crtbegin.o
 *(.init)
 .init          0x0800a11c        0x4 c:/program files (x86)/atollic/truestudio for stm32 9.2.0/armtools/bin/../lib/gcc/arm-atollic-eabi/6.3.1/armv7e-m/fpu/crti.o
                0x0800a11c                _init
 .init          0x0800a120        0x8 c:/program files (x86)/atollic/truestudio for stm32 9.2.0/armtools/bin/../lib/gcc/arm-atollic-eabi/6.3.1/armv7e-m/fpu/crtn.o
 *(.fini)
 .fini          0x0800a128        0x4 c:/program files (x86)/atollic/truestudio for stm32 9.2.0/armtools/bin/../lib/gcc/arm-atollic-eabi/6.3.1/armv7e-m/fpu/crti.o
                0x0800a128                _fini
 .fini          0x0800a12c        0x8 c:/program files (x86)/atollic/truestudio for stm32 9.2.0/armtools/bin/../lib/gcc/arm-atollic-eabi/6.3.1/armv7e-m/fpu/crtn.o
                0x0800a134                . = ALIGN (0x4)
                0x0800a134                _etext = .

.vfp11_veneer   0x0800a134        0x0
 .vfp11_veneer  0x0800a134        0x0 linker stubs

.v4_bx          0x0800a134        0x0
 .v4_bx         0x0800a134        0x0 linker stubs

.iplt           0x0800a134        0x0
 .iplt          0x0800a134        0x0 c:/program files (x86)/atollic/truestudio for stm32 9.2.0/armtools/bin/../lib/gcc/arm-atollic-eabi/6.3.1/armv7e-m/fpu/crtbegin.o

.rodata         0x0800a138      0x5a8
                0x0800a138                . = ALIGN (0x4)
 *(.rodata)
 *(.rodata*)
 .rodata.CSWTCH.13
                0x0800a138       0x34 Drivers\BSP\Components\lsm6dsl\lsm6dsl.o
 .rodata.CSWTCH.15
                0x0800a16c       0x34 Drivers\BSP\Components\lsm6dsl\lsm6dsl.o
 .rodata.CSWTCH.51
                0x0800a1a0        0x4 Drivers\STM32L4xx_HAL_Driver\Src\stm32l4xx_hal_uart.o
 .rodata.CSWTCH.52
                0x0800a1a4        0xd Drivers\STM32L4xx_HAL_Driver\Src\stm32l4xx_hal_uart.o
 .rodata.USART1_IRQHandler.str1.1
                0x0800a1b1       0xc2 Src\stm32l4xx_it.o
 .rodata.AHBPrescTable
                0x0800a273       0x10 Src\system_stm32l4xx.o
                0x0800a273                AHBPrescTable
 .rodata.APBPrescTable
                0x0800a283        0x8 Src\system_stm32l4xx.o
                0x0800a283                APBPrescTable
 *fill*         0x0800a28b        0x1 
 .rodata.MSIRangeTable
                0x0800a28c       0x30 Src\system_stm32l4xx.o
                0x0800a28c                MSIRangeTable
 .rodata.VL53L0X_check_part_used.str1.1
                0x0800a2bc       0xc2 Src\vl53l0x\vl53l0x_api_strings.o
                                  0x1 (size before relaxing)
 .rodata.VL53L0X_get_device_info.str1.1
                0x0800a2bc       0x41 Src\vl53l0x\vl53l0x_api_strings.o
 .rodata.SetupSingleShot.str1.1
                0x0800a2fd      0x122 Src\vl53l0x\vl53l0x_tof.o
 .rodata._printf_float.str1.1
                0x0800a41f       0x10 c:/program files (x86)/atollic/truestudio for stm32 9.2.0/armtools/bin/../lib/gcc/arm-atollic-eabi/6.3.1/../../../../arm-atollic-eabi/lib/armv7e-m/fpu\libc_nano.a(lib_a-nano-vfprintf_float.o)
                                 0x12 (size before relaxing)
 .rodata._printf_i.str1.1
                0x0800a42f       0x22 c:/program files (x86)/atollic/truestudio for stm32 9.2.0/armtools/bin/../lib/gcc/arm-atollic-eabi/6.3.1/../../../../arm-atollic-eabi/lib/armv7e-m/fpu\libc_nano.a(lib_a-nano-vfprintf_i.o)
 .rodata._dtoa_r.str1.1
                0x0800a451        0xd c:/program files (x86)/atollic/truestudio for stm32 9.2.0/armtools/bin/../lib/gcc/arm-atollic-eabi/6.3.1/../../../../arm-atollic-eabi/lib/armv7e-m/fpu\libc_nano.a(lib_a-dtoa.o)
                                  0xf (size before relaxing)
 *fill*         0x0800a45e        0x2 
 .rodata.__sf_fake_stderr
                0x0800a460       0x20 c:/program files (x86)/atollic/truestudio for stm32 9.2.0/armtools/bin/../lib/gcc/arm-atollic-eabi/6.3.1/../../../../arm-atollic-eabi/lib/armv7e-m/fpu\libc_nano.a(lib_a-findfp.o)
                0x0800a460                __sf_fake_stderr
 .rodata.__sf_fake_stdin
                0x0800a480       0x20 c:/program files (x86)/atollic/truestudio for stm32 9.2.0/armtools/bin/../lib/gcc/arm-atollic-eabi/6.3.1/../../../../arm-atollic-eabi/lib/armv7e-m/fpu\libc_nano.a(lib_a-findfp.o)
                0x0800a480                __sf_fake_stdin
 .rodata.__sf_fake_stdout
                0x0800a4a0       0x20 c:/program files (x86)/atollic/truestudio for stm32 9.2.0/armtools/bin/../lib/gcc/arm-atollic-eabi/6.3.1/../../../../arm-atollic-eabi/lib/armv7e-m/fpu\libc_nano.a(lib_a-findfp.o)
                0x0800a4a0                __sf_fake_stdout
 .rodata._global_impure_ptr
                0x0800a4c0        0x4 c:/program files (x86)/atollic/truestudio for stm32 9.2.0/armtools/bin/../lib/gcc/arm-atollic-eabi/6.3.1/../../../../arm-atollic-eabi/lib/armv7e-m/fpu\libc_nano.a(lib_a-impure.o)
                0x0800a4c0                _global_impure_ptr
 *fill*         0x0800a4c4        0x4 
 .rodata.__mprec_bigtens
                0x0800a4c8       0x28 c:/program files (x86)/atollic/truestudio for stm32 9.2.0/armtools/bin/../lib/gcc/arm-atollic-eabi/6.3.1/../../../../arm-atollic-eabi/lib/armv7e-m/fpu\libc_nano.a(lib_a-mprec.o)
                0x0800a4c8                __mprec_bigtens
 .rodata.__mprec_tens
                0x0800a4f0       0xc8 c:/program files (x86)/atollic/truestudio for stm32 9.2.0/armtools/bin/../lib/gcc/arm-atollic-eabi/6.3.1/../../../../arm-atollic-eabi/lib/armv7e-m/fpu\libc_nano.a(lib_a-mprec.o)
                0x0800a4f0                __mprec_tens
 .rodata.p05.7175
                0x0800a5b8        0xc c:/program files (x86)/atollic/truestudio for stm32 9.2.0/armtools/bin/../lib/gcc/arm-atollic-eabi/6.3.1/../../../../arm-atollic-eabi/lib/armv7e-m/fpu\libc_nano.a(lib_a-mprec.o)
 .rodata._svfprintf_r.str1.1
                0x0800a5c4       0x11 c:/program files (x86)/atollic/truestudio for stm32 9.2.0/armtools/bin/../lib/gcc/arm-atollic-eabi/6.3.1/../../../../arm-atollic-eabi/lib/armv7e-m/fpu\libc_nano.a(lib_a-nano-svfprintf.o)
 .rodata._setlocale_r.str1.1
                0x0800a5d5        0x8 c:/program files (x86)/atollic/truestudio for stm32 9.2.0/armtools/bin/../lib/gcc/arm-atollic-eabi/6.3.1/../../../../arm-atollic-eabi/lib/armv7e-m/fpu\libc_nano.a(lib_a-locale.o)
                                  0x9 (size before relaxing)
 .rodata.str1.1
                0x0800a5dd        0x2 c:/program files (x86)/atollic/truestudio for stm32 9.2.0/armtools/bin/../lib/gcc/arm-atollic-eabi/6.3.1/../../../../arm-atollic-eabi/lib/armv7e-m/fpu\libc_nano.a(lib_a-locale.o)
 .rodata._ctype_
                0x0800a5df      0x101 c:/program files (x86)/atollic/truestudio for stm32 9.2.0/armtools/bin/../lib/gcc/arm-atollic-eabi/6.3.1/../../../../arm-atollic-eabi/lib/armv7e-m/fpu\libc_nano.a(lib_a-ctype_.o)
                0x0800a5df                _ctype_
                0x0800a6e0                . = ALIGN (0x4)

.ARM.extab
 *(.ARM.extab* .gnu.linkonce.armextab.*)

.ARM            0x0800a6e0        0x8
                0x0800a6e0                __exidx_start = .
 *(.ARM.exidx*)
 .ARM.exidx     0x0800a6e0        0x8 c:/program files (x86)/atollic/truestudio for stm32 9.2.0/armtools/bin/../lib/gcc/arm-atollic-eabi/6.3.1/armv7e-m/fpu\libgcc.a(_udivmoddi4.o)
                0x0800a6e8                __exidx_end = .

.rel.dyn        0x0800a6e8        0x0
 .rel.iplt      0x0800a6e8        0x0 c:/program files (x86)/atollic/truestudio for stm32 9.2.0/armtools/bin/../lib/gcc/arm-atollic-eabi/6.3.1/armv7e-m/fpu/crtbegin.o

.preinit_array  0x0800a6e8        0x0
                0x0800a6e8                PROVIDE (__preinit_array_start, .)
 *(.preinit_array*)
                0x0800a6e8                PROVIDE (__preinit_array_end, .)

.init_array     0x0800a6e8        0x4
                0x0800a6e8                PROVIDE (__init_array_start, .)
 *(SORT(.init_array.*))
 *(.init_array*)
 .init_array    0x0800a6e8        0x4 c:/program files (x86)/atollic/truestudio for stm32 9.2.0/armtools/bin/../lib/gcc/arm-atollic-eabi/6.3.1/armv7e-m/fpu/crtbegin.o
                0x0800a6ec                PROVIDE (__init_array_end, .)

.fini_array     0x0800a6ec        0x4
                [!provide]                PROVIDE (__fini_array_start, .)
 *(SORT(.fini_array.*))
 *(.fini_array*)
 .fini_array    0x0800a6ec        0x4 c:/program files (x86)/atollic/truestudio for stm32 9.2.0/armtools/bin/../lib/gcc/arm-atollic-eabi/6.3.1/armv7e-m/fpu/crtbegin.o
                [!provide]                PROVIDE (__fini_array_end, .)
                0x0800a6f0                _sidata = LOADADDR (.data)

.data           0x20000000      0x6dc load address 0x0800a6f0
                0x20000000                . = ALIGN (0x4)
                0x20000000                _sdata = .
 *(.data)
 *(.data*)
 .data.HTS221_H_Drv
                0x20000000        0xc Drivers\BSP\Components\hts221\hts221.o
                0x20000000                HTS221_H_Drv
 .data.HTS221_T_Drv
                0x2000000c       0x10 Drivers\BSP\Components\hts221\hts221.o
                0x2000000c                HTS221_T_Drv
 .data.Lis3mdlMagDrv
                0x2000001c       0x34 Drivers\BSP\Components\lis3mdl\lis3mdl.o
                0x2000001c                Lis3mdlMagDrv
 .data.LPS22HB_P_Drv
                0x20000050        0xc Drivers\BSP\Components\lps22hb\lps22hb.o
                0x20000050                LPS22HB_P_Drv
 .data.Lsm6dslAccDrv
                0x2000005c       0x34 Drivers\BSP\Components\lsm6dsl\lsm6dsl.o
                0x2000005c                Lsm6dslAccDrv
 .data.Lsm6dslGyroDrv
                0x20000090       0x34 Drivers\BSP\Components\lsm6dsl\lsm6dsl.o
                0x20000090                Lsm6dslGyroDrv
 .data.Dev      0x200000c4      0x188 Src\main.o
                0x200000c4                Dev
 .data.SystemCoreClock
                0x2000024c        0x4 Src\system_stm32l4xx.o
                0x2000024c                SystemCoreClock
 .data.DefaultTuningSettings
                0x20000250       0xf3 Src\vl53l0x\vl53l0x_api.o
                0x20000250                DefaultTuningSettings
 .data.InterruptThresholdSettings
                0x20000343      0x1b6 Src\vl53l0x\vl53l0x_api.o
                0x20000343                InterruptThresholdSettings
 *fill*         0x200004f9        0x3 
 .data.refArrayQuadrants
                0x200004fc       0x10 Src\vl53l0x\vl53l0x_api_calibration.o
                0x200004fc                refArrayQuadrants
 .data._impure_ptr
                0x2000050c        0x4 c:/program files (x86)/atollic/truestudio for stm32 9.2.0/armtools/bin/../lib/gcc/arm-atollic-eabi/6.3.1/../../../../arm-atollic-eabi/lib/armv7e-m/fpu\libc_nano.a(lib_a-impure.o)
                0x2000050c                _impure_ptr
 .data.impure_data
                0x20000510       0x60 c:/program files (x86)/atollic/truestudio for stm32 9.2.0/armtools/bin/../lib/gcc/arm-atollic-eabi/6.3.1/../../../../arm-atollic-eabi/lib/armv7e-m/fpu\libc_nano.a(lib_a-impure.o)
 .data.__global_locale
                0x20000570      0x16c c:/program files (x86)/atollic/truestudio for stm32 9.2.0/armtools/bin/../lib/gcc/arm-atollic-eabi/6.3.1/../../../../arm-atollic-eabi/lib/armv7e-m/fpu\libc_nano.a(lib_a-locale.o)
                0x20000570                __global_locale
                0x200006dc                . = ALIGN (0x4)
                0x200006dc                _edata = .

.igot.plt       0x200006dc        0x0 load address 0x0800adcc
 .igot.plt      0x200006dc        0x0 c:/program files (x86)/atollic/truestudio for stm32 9.2.0/armtools/bin/../lib/gcc/arm-atollic-eabi/6.3.1/armv7e-m/fpu/crtbegin.o
                0x200006dc                . = ALIGN (0x4)

.bss            0x200006dc      0x878 load address 0x0800adcc
                0x200006dc                _sbss = .
                0x200006dc                __bss_start__ = _sbss
 *(.bss)
 .bss           0x200006dc       0x1c c:/program files (x86)/atollic/truestudio for stm32 9.2.0/armtools/bin/../lib/gcc/arm-atollic-eabi/6.3.1/armv7e-m/fpu/crtbegin.o
 *(.bss*)
 .bss.AccelerometerDrv
                0x200006f8        0x4 Drivers\BSP\B-L475E-IOT01\stm32l475e_iot01_accelero.o
 .bss.GyroscopeDrv
                0x200006fc        0x4 Drivers\BSP\B-L475E-IOT01\stm32l475e_iot01_gyro.o
 .bss.Hsensor_drv
                0x20000700        0x4 Drivers\BSP\B-L475E-IOT01\stm32l475e_iot01_hsensor.o
 .bss.MagnetoDrv
                0x20000704        0x4 Drivers\BSP\B-L475E-IOT01\stm32l475e_iot01_magneto.o
 .bss.Psensor_drv
                0x20000708        0x4 Drivers\BSP\B-L475E-IOT01\stm32l475e_iot01_psensor.o
 .bss.tsensor_drv
                0x2000070c        0x4 Drivers\BSP\B-L475E-IOT01\stm32l475e_iot01_tsensor.o
 .bss.a_dfsdm1ChannelHandle
                0x20000710       0x20 Drivers\STM32L4xx_HAL_Driver\Src\stm32l4xx_hal_dfsdm.o
 .bss.v_dfsdm1ChannelCounter
                0x20000730        0x4 Drivers\STM32L4xx_HAL_Driver\Src\stm32l4xx_hal_dfsdm.o
 .bss.DFSDM1_Init
                0x20000734        0x4 Src\stm32l4xx_hal_msp.o
 .bss.__malloc_free_list
                0x20000738        0x4 c:/program files (x86)/atollic/truestudio for stm32 9.2.0/armtools/bin/../lib/gcc/arm-atollic-eabi/6.3.1/../../../../arm-atollic-eabi/lib/armv7e-m/fpu\libc_nano.a(lib_a-nano-mallocr.o)
                0x20000738                __malloc_free_list
 .bss.__malloc_sbrk_start
                0x2000073c        0x4 c:/program files (x86)/atollic/truestudio for stm32 9.2.0/armtools/bin/../lib/gcc/arm-atollic-eabi/6.3.1/../../../../arm-atollic-eabi/lib/armv7e-m/fpu\libc_nano.a(lib_a-nano-mallocr.o)
                0x2000073c                __malloc_sbrk_start
 .bss.heap_end.5239
                0x20000740        0x4 c:/program files (x86)/atollic/truestudio for stm32 9.2.0/armtools/bin/../lib/gcc/arm-atollic-eabi/6.3.1/../../../../arm-atollic-eabi/lib/armv7e-m/fpu\libnosys.a(sbrk.o)
 *(COMMON)
 COMMON         0x20000744       0xc4 Drivers\BSP\B-L475E-IOT01\stm32l475e_iot01.o
                0x20000744                hDiscoUart
                0x200007bc                hI2cHandler
 COMMON         0x20000808        0x4 Drivers\STM32L4xx_HAL_Driver\Src\stm32l4xx_hal.o
                0x20000808                uwTick
 COMMON         0x2000080c      0x6dc Src\main.o
                0x2000080c                hdfsdm1_channel1
                0x20000844                huart3
                0x200008bc                hpcd_USB_OTG_FS
                0x20000cc4                hi2c2
                0x20000d10                hspi3
                0x20000d74                huart1
                0x20000dec                htim6
                0x20000e2c                huart4
                0x20000ea4                hqspi
 COMMON         0x20000ee8       0x28 Src\stm32l4xx_it.o
                0x20000ee8                RX_BUFF
                0x20000eea                pDataXYZ
                0x20000ef0                PRESSURE
                0x20000ef4                prox_value
                0x20000ef6                pDataXYZ1
                0x20000efc                TEMPERATURE
                0x20000f00                pfDataXYZ
                0x20000f0c                HUMIDITY
 COMMON         0x20000f10       0x40 Src\vl53l0x\vl53l0x_tof.o
                0x20000f10                _I2CBuffer
 COMMON         0x20000f50        0x4 c:/program files (x86)/atollic/truestudio for stm32 9.2.0/armtools/bin/../lib/gcc/arm-atollic-eabi/6.3.1/../../../../arm-atollic-eabi/lib/armv7e-m/fpu\libc_nano.a(lib_a-reent.o)
                0x20000f50                errno
                0x20000f54                . = ALIGN (0x4)
                0x20000f54                _ebss = .
                0x20000f54                __bss_end__ = _ebss

._user_heap_stack
                0x20000f54      0x600 load address 0x0800adcc
                0x20000f54                . = ALIGN (0x4)
                0x20000f54                PROVIDE (end, .)
                [!provide]                PROVIDE (_end, .)
                0x20001154                . = (. + _Min_Heap_Size)
 *fill*         0x20000f54      0x200 
                0x20001554                . = (. + _Min_Stack_Size)
 *fill*         0x20001154      0x400 
                0x20001554                . = ALIGN (0x4)

/DISCARD/
 libc.a(*)
 libm.a(*)
 libgcc.a(*)

.ARM.attributes
                0x00000000       0x30
 *(.ARM.attributes)
 .ARM.attributes
                0x00000000       0x22 c:/program files (x86)/atollic/truestudio for stm32 9.2.0/armtools/bin/../lib/gcc/arm-atollic-eabi/6.3.1/armv7e-m/fpu/crti.o
 .ARM.attributes
                0x00000022       0x34 c:/program files (x86)/atollic/truestudio for stm32 9.2.0/armtools/bin/../lib/gcc/arm-atollic-eabi/6.3.1/armv7e-m/fpu/crtbegin.o
 .ARM.attributes
                0x00000056       0x39 Drivers\BSP\B-L475E-IOT01\stm32l475e_iot01.o
 .ARM.attributes
                0x0000008f       0x39 Drivers\BSP\B-L475E-IOT01\stm32l475e_iot01_accelero.o
 .ARM.attributes
                0x000000c8       0x39 Drivers\BSP\B-L475E-IOT01\stm32l475e_iot01_gyro.o
 .ARM.attributes
                0x00000101       0x39 Drivers\BSP\B-L475E-IOT01\stm32l475e_iot01_hsensor.o
 .ARM.attributes
                0x0000013a       0x39 Drivers\BSP\B-L475E-IOT01\stm32l475e_iot01_magneto.o
 .ARM.attributes
                0x00000173       0x39 Drivers\BSP\B-L475E-IOT01\stm32l475e_iot01_psensor.o
 .ARM.attributes
                0x000001ac       0x39 Drivers\BSP\B-L475E-IOT01\stm32l475e_iot01_tsensor.o
 .ARM.attributes
                0x000001e5       0x39 Drivers\BSP\Components\hts221\hts221.o
 .ARM.attributes
                0x0000021e       0x39 Drivers\BSP\Components\lis3mdl\lis3mdl.o
 .ARM.attributes
                0x00000257       0x39 Drivers\BSP\Components\lps22hb\lps22hb.o
 .ARM.attributes
                0x00000290       0x39 Drivers\BSP\Components\lsm6dsl\lsm6dsl.o
 .ARM.attributes
                0x000002c9       0x39 Drivers\STM32L4xx_HAL_Driver\Src\stm32l4xx_hal.o
 .ARM.attributes
                0x00000302       0x39 Drivers\STM32L4xx_HAL_Driver\Src\stm32l4xx_hal_cortex.o
 .ARM.attributes
                0x0000033b       0x39 Drivers\STM32L4xx_HAL_Driver\Src\stm32l4xx_hal_dfsdm.o
 .ARM.attributes
                0x00000374       0x39 Drivers\STM32L4xx_HAL_Driver\Src\stm32l4xx_hal_dma.o
 .ARM.attributes
                0x000003ad       0x39 Drivers\STM32L4xx_HAL_Driver\Src\stm32l4xx_hal_gpio.o
 .ARM.attributes
                0x000003e6       0x39 Drivers\STM32L4xx_HAL_Driver\Src\stm32l4xx_hal_i2c.o
 .ARM.attributes
                0x0000041f       0x39 Drivers\STM32L4xx_HAL_Driver\Src\stm32l4xx_hal_i2c_ex.o
 .ARM.attributes
                0x00000458       0x39 Drivers\STM32L4xx_HAL_Driver\Src\stm32l4xx_hal_pcd.o
 .ARM.attributes
                0x00000491       0x39 Drivers\STM32L4xx_HAL_Driver\Src\stm32l4xx_hal_pcd_ex.o
 .ARM.attributes
                0x000004ca       0x39 Drivers\STM32L4xx_HAL_Driver\Src\stm32l4xx_hal_pwr.o
 .ARM.attributes
                0x00000503       0x39 Drivers\STM32L4xx_HAL_Driver\Src\stm32l4xx_hal_pwr_ex.o
 .ARM.attributes