stm32l4xx_it.c:98:6:NMI_Handler	0	static
stm32l4xx_it.c:111:6:HardFault_Handler	0	static
stm32l4xx_it.c:126:6:MemManage_Handler	0	static
stm32l4xx_it.c:141:6:BusFault_Handler	0	static
stm32l4xx_it.c:156:6:UsageFault_Handler	0	static
stm32l4xx_it.c:171:6:SVC_Handler	0	static
stm32l4xx_it.c:184:6:DebugMon_Handler	0	static
stm32l4xx_it.c:197:6:PendSV_Handler	0	static
stm32l4xx_it.c:210:6:SysTick_Handler	0	static
stm32l4xx_it.c:231:6:EXTI9_5_IRQHandler	8	static
stm32l4xx_it.c:248:6:USART1_IRQHandler	0	static
stm32l4xx_it.c:320:6:EXTI15_10_IRQHandler	8	static
stm32l4xx_it.c:338:6:UART4_IRQHandler	0	static
stm32l4xx_it.c:352:6:TIM6_DAC_IRQHandler	240	static
