stm32l4xx_it.c:94:6:NMI_Handler	0	static
stm32l4xx_it.c:107:6:HardFault_Handler	0	static
stm32l4xx_it.c:122:6:MemManage_Handler	0	static
stm32l4xx_it.c:137:6:BusFault_Handler	0	static
stm32l4xx_it.c:152:6:UsageFault_Handler	0	static
stm32l4xx_it.c:167:6:SVC_Handler	0	static
stm32l4xx_it.c:180:6:DebugMon_Handler	0	static
stm32l4xx_it.c:193:6:PendSV_Handler	0	static
stm32l4xx_it.c:206:6:SysTick_Handler	0	static
stm32l4xx_it.c:227:6:EXTI9_5_IRQHandler	8	static
stm32l4xx_it.c:244:6:USART1_IRQHandler	88	static
stm32l4xx_it.c:315:6:EXTI15_10_IRQHandler	8	static
stm32l4xx_it.c:333:6:UART4_IRQHandler	0	static
stm32l4xx_it.c:347:6:TIM6_DAC_IRQHandler	0	static
