15:25:15 **** Incremental Build of configuration Debug for project TGR2019 ****
Info: Internal Builder is used for build
arm-atollic-eabi-gcc -c -mthumb -mcpu=cortex-m4 -mfloat-abi=hard -mfpu=fpv4-sp-d16 -std=c99 -D__weak=__attribute__((weak)) -D__packed=__attribute__((__packed__)) -DUSE_HAL_DRIVER -DSTM32L475xx -I../Inc -IC:\Users\59011189\Desktop\TGR\TGR2019\Drivers\BSP\Components -IC:\Users\59011189\Desktop\TGR\TGR2019\Drivers\BSP\B-L475E-IOT01 -I../Drivers/STM32L4xx_HAL_Driver/Inc -I../Drivers/STM32L4xx_HAL_Driver/Inc/Legacy -I../Drivers/CMSIS/Device/ST/STM32L4xx/Include -I../Drivers/CMSIS/Include -IC:\Users\59011189\Desktop\TGR\TGR2019\Src\vl53l0x -Os -ffunction-sections -fdata-sections -g -fstack-usage -Wall -specs=nano.specs -o Src\main.o ..\Src\main.c 
..\Src\main.c: In function 'toHex':
..\Src\main.c:150:10: warning: function returns address of local variable [-Wreturn-local-addr]
   return buffer;
          ^~~~~~
..\Src\main.c: In function 'main':
..\Src\main.c:217:29: warning: pointer targets in passing argument 2 of 'HAL_UART_Transmit' differ in signedness [-Wpointer-sign]
   HAL_UART_Transmit(&huart4,"AT+NJM=?\n\r", 9,1000); // huart4
                             ^~~~~~~~~~~~~~
In file included from ../Inc/stm32l4xx_hal_conf.h:380:0,
                 from ../Drivers/STM32L4xx_HAL_Driver/Inc/stm32l4xx_hal.h:46,
                 from ../Inc/main.h:51,
                 from ..\Src\main.c:42:
../Drivers/STM32L4xx_HAL_Driver/Inc/stm32l4xx_hal_uart.h:1597:19: note: expected 'uint8_t * {aka unsigned char *}' but argument is of type 'char *'
 HAL_StatusTypeDef HAL_UART_Transmit(UART_HandleTypeDef *huart, uint8_t *pData, uint16_t Size, uint32_t Timeout);
                   ^~~~~~~~~~~~~~~~~
..\Src\main.c:219:29: warning: pointer targets in passing argument 2 of 'HAL_UART_Transmit' differ in signedness [-Wpointer-sign]
   HAL_UART_Transmit(&huart4,"AT+NJM=1\n\r", 9,1000); // huart4
                             ^~~~~~~~~~~~~~
In file included from ../Inc/stm32l4xx_hal_conf.h:380:0,
                 from ../Drivers/STM32L4xx_HAL_Driver/Inc/stm32l4xx_hal.h:46,
                 from ../Inc/main.h:51,
                 from ..\Src\main.c:42:
../Drivers/STM32L4xx_HAL_Driver/Inc/stm32l4xx_hal_uart.h:1597:19: note: expected 'uint8_t * {aka unsigned char *}' but argument is of type 'char *'
 HAL_StatusTypeDef HAL_UART_Transmit(UART_HandleTypeDef *huart, uint8_t *pData, uint16_t Size, uint32_t Timeout);
                   ^~~~~~~~~~~~~~~~~
..\Src\main.c:221:29: warning: pointer targets in passing argument 2 of 'HAL_UART_Transmit' differ in signedness [-Wpointer-sign]
   HAL_UART_Transmit(&huart4,"AT+NJM=?\n\r", 9,1000); // huart4
                             ^~~~~~~~~~~~~~
In file included from ../Inc/stm32l4xx_hal_conf.h:380:0,
                 from ../Drivers/STM32L4xx_HAL_Driver/Inc/stm32l4xx_hal.h:46,
                 from ../Inc/main.h:51,
                 from ..\Src\main.c:42:
../Drivers/STM32L4xx_HAL_Driver/Inc/stm32l4xx_hal_uart.h:1597:19: note: expected 'uint8_t * {aka unsigned char *}' but argument is of type 'char *'
 HAL_StatusTypeDef HAL_UART_Transmit(UART_HandleTypeDef *huart, uint8_t *pData, uint16_t Size, uint32_t Timeout);
                   ^~~~~~~~~~~~~~~~~
..\Src\main.c:223:29: warning: pointer targets in passing argument 2 of 'HAL_UART_Transmit' differ in signedness [-Wpointer-sign]
   HAL_UART_Transmit(&huart4,"AT+JOIN\n\r", 9,1000); // huart4
                             ^~~~~~~~~~~~~
In file included from ../Inc/stm32l4xx_hal_conf.h:380:0,
                 from ../Drivers/STM32L4xx_HAL_Driver/Inc/stm32l4xx_hal.h:46,
                 from ../Inc/main.h:51,
                 from ..\Src\main.c:42:
../Drivers/STM32L4xx_HAL_Driver/Inc/stm32l4xx_hal_uart.h:1597:19: note: expected 'uint8_t * {aka unsigned char *}' but argument is of type 'char *'
 HAL_StatusTypeDef HAL_UART_Transmit(UART_HandleTypeDef *huart, uint8_t *pData, uint16_t Size, uint32_t Timeout);
                   ^~~~~~~~~~~~~~~~~
..\Src\main.c:225:29: warning: pointer targets in passing argument 2 of 'HAL_UART_Transmit' differ in signedness [-Wpointer-sign]
   HAL_UART_Transmit(&huart4,"AT+NJS=?\n\r", 9,1000); // huart4
                             ^~~~~~~~~~~~~~
In file included from ../Inc/stm32l4xx_hal_conf.h:380:0,
                 from ../Drivers/STM32L4xx_HAL_Driver/Inc/stm32l4xx_hal.h:46,
                 from ../Inc/main.h:51,
                 from ..\Src\main.c:42:
../Drivers/STM32L4xx_HAL_Driver/Inc/stm32l4xx_hal_uart.h:1597:19: note: expected 'uint8_t * {aka unsigned char *}' but argument is of type 'char *'
 HAL_StatusTypeDef HAL_UART_Transmit(UART_HandleTypeDef *huart, uint8_t *pData, uint16_t Size, uint32_t Timeout);
                   ^~~~~~~~~~~~~~~~~
..\Src\main.c:227:29: warning: pointer targets in passing argument 2 of 'HAL_UART_Transmit' differ in signedness [-Wpointer-sign]
   HAL_UART_Transmit(&huart4,"AT+NJS=?\n\r", 9,1000); // huart4
                             ^~~~~~~~~~~~~~
In file included from ../Inc/stm32l4xx_hal_conf.h:380:0,
                 from ../Drivers/STM32L4xx_HAL_Driver/Inc/stm32l4xx_hal.h:46,
                 from ../Inc/main.h:51,
                 from ..\Src\main.c:42:
../Drivers/STM32L4xx_HAL_Driver/Inc/stm32l4xx_hal_uart.h:1597:19: note: expected 'uint8_t * {aka unsigned char *}' but argument is of type 'char *'
 HAL_StatusTypeDef HAL_UART_Transmit(UART_HandleTypeDef *huart, uint8_t *pData, uint16_t Size, uint32_t Timeout);
                   ^~~~~~~~~~~~~~~~~
..\Src\main.c:286:33: warning: pointer targets in passing argument 2 of 'HAL_UART_Transmit' differ in signedness [-Wpointer-sign]
       HAL_UART_Transmit(&huart1,str1, strlen(str1),1000);
                                 ^~~~
In file included from ../Inc/stm32l4xx_hal_conf.h:380:0,
                 from ../Drivers/STM32L4xx_HAL_Driver/Inc/stm32l4xx_hal.h:46,
                 from ../Inc/main.h:51,
                 from ..\Src\main.c:42:
../Drivers/STM32L4xx_HAL_Driver/Inc/stm32l4xx_hal_uart.h:1597:19: note: expected 'uint8_t * {aka unsigned char *}' but argument is of type 'char *'
 HAL_StatusTypeDef HAL_UART_Transmit(UART_HandleTypeDef *huart, uint8_t *pData, uint16_t Size, uint32_t Timeout);
                   ^~~~~~~~~~~~~~~~~
arm-atollic-eabi-gcc -o TGR2019.elf Drivers\BSP\B-L475E-IOT01\stm32l475e_iot01.o Drivers\BSP\B-L475E-IOT01\stm32l475e_iot01_accelero.o Drivers\BSP\B-L475E-IOT01\stm32l475e_iot01_gyro.o Drivers\BSP\B-L475E-IOT01\stm32l475e_iot01_hsensor.o Drivers\BSP\B-L475E-IOT01\stm32l475e_iot01_magneto.o Drivers\BSP\B-L475E-IOT01\stm32l475e_iot01_psensor.o Drivers\BSP\B-L475E-IOT01\stm32l475e_iot01_qspi.o Drivers\BSP\B-L475E-IOT01\stm32l475e_iot01_tsensor.o Drivers\BSP\Components\cs42l51\cs42l51.o Drivers\BSP\Components\cs43l22\cs43l22.o Drivers\BSP\Components\ft3x67\ft3x67.o Drivers\BSP\Components\ft5336\ft5336.o Drivers\BSP\Components\ft6x06\ft6x06.o Drivers\BSP\Components\hts221\hts221.o Drivers\BSP\Components\hx8347g\hx8347g.o Drivers\BSP\Components\l3gd20\l3gd20.o Drivers\BSP\Components\lis3mdl\lis3mdl.o Drivers\BSP\Components\lps22hb\lps22hb.o Drivers\BSP\Components\ls016b8uy\ls016b8uy.o Drivers\BSP\Components\lsm303c\lsm303c.o Drivers\BSP\Components\lsm303dlhc\lsm303dlhc.o Drivers\BSP\Components\lsm6dsl\lsm6dsl.o Drivers\BSP\Components\m24sr\m24sr.o Drivers\BSP\Components\mfxstm32l152\mfxstm32l152.o Drivers\BSP\Components\ov9655\ov9655.o Drivers\BSP\Components\st7735\st7735.o Drivers\BSP\Components\st7789h2\st7789h2.o Drivers\BSP\Components\stmpe1600\stmpe1600.o Drivers\BSP\Components\stmpe811\stmpe811.o Drivers\BSP\Components\wm8994\wm8994.o Drivers\STM32L4xx_HAL_Driver\Src\stm32l4xx_hal.o Drivers\STM32L4xx_HAL_Driver\Src\stm32l4xx_hal_cortex.o Drivers\STM32L4xx_HAL_Driver\Src\stm32l4xx_hal_dfsdm.o Drivers\STM32L4xx_HAL_Driver\Src\stm32l4xx_hal_dma.o Drivers\STM32L4xx_HAL_Driver\Src\stm32l4xx_hal_dma_ex.o Drivers\STM32L4xx_HAL_Driver\Src\stm32l4xx_hal_flash.o Drivers\STM32L4xx_HAL_Driver\Src\stm32l4xx_hal_flash_ex.o Drivers\STM32L4xx_HAL_Driver\Src\stm32l4xx_hal_flash_ramfunc.o Drivers\STM32L4xx_HAL_Driver\Src\stm32l4xx_hal_gpio.o Drivers\STM32L4xx_HAL_Driver\Src\stm32l4xx_hal_i2c.o Drivers\STM32L4xx_HAL_Driver\Src\stm32l4xx_hal_i2c_ex.o Drivers\STM32L4xx_HAL_Driver\Src\stm32l4xx_hal_pcd.o Drivers\STM32L4xx_HAL_Driver\Src\stm32l4xx_hal_pcd_ex.o Drivers\STM32L4xx_HAL_Driver\Src\stm32l4xx_hal_pwr.o Drivers\STM32L4xx_HAL_Driver\Src\stm32l4xx_hal_pwr_ex.o Drivers\STM32L4xx_HAL_Driver\Src\stm32l4xx_hal_qspi.o Drivers\STM32L4xx_HAL_Driver\Src\stm32l4xx_hal_rcc.o Drivers\STM32L4xx_HAL_Driver\Src\stm32l4xx_hal_rcc_ex.o Drivers\STM32L4xx_HAL_Driver\Src\stm32l4xx_hal_spi.o Drivers\STM32L4xx_HAL_Driver\Src\stm32l4xx_hal_spi_ex.o Drivers\STM32L4xx_HAL_Driver\Src\stm32l4xx_hal_tim.o Drivers\STM32L4xx_HAL_Driver\Src\stm32l4xx_hal_tim_ex.o Drivers\STM32L4xx_HAL_Driver\Src\stm32l4xx_hal_uart.o Drivers\STM32L4xx_HAL_Driver\Src\stm32l4xx_hal_uart_ex.o Drivers\STM32L4xx_HAL_Driver\Src\stm32l4xx_ll_usb.o Src\main.o Src\stm32l4xx_hal_msp.o Src\stm32l4xx_it.o Src\system_stm32l4xx.o Src\vl53l0x\vl53l0x_api.o Src\vl53l0x\vl53l0x_api_calibration.o Src\vl53l0x\vl53l0x_api_core.o Src\vl53l0x\vl53l0x_api_ranging.o Src\vl53l0x\vl53l0x_api_strings.o Src\vl53l0x\vl53l0x_platform_log.o Src\vl53l0x\vl53l0x_tof.o startup\startup_stm32l475xx.o -mthumb -mcpu=cortex-m4 -mfloat-abi=hard -mfpu=fpv4-sp-d16 -T../STM32L475VG_FLASH.ld -specs=nosys.specs -static -u _printf_float -Wl,-Map=TGR2019.map -Wl,--gc-sections -Wl,--defsym=malloc_getpagesize_P=0x80 -Wl,--start-group -lc -lm -Wl,--end-group -specs=nano.specs 
C:\Program Files (x86)\Atollic\TrueSTUDIO for STM32 9.2.0\ide\jre\bin\java -jar C:\Program Files (x86)\Atollic\TrueSTUDIO for STM32 9.2.0\Tools\arm-atollic-reports.jar sizeinfo list TGR2019.elf 
Generate build reports...
Print size information
   text	   data	    bss	    dec	    hex	filename
  42852	   1764	   3712	  48328	   bcc8	TGR2019.elf
Print size information done
Generate listing file
Output sent to: TGR2019.list
Generate listing file done
Generate build reports done
arm-atollic-eabi-objcopy.exe -O ihex TGR2019.elf TGR2019.hex 
Info: Parallel threads used: 1
15:25:33 **** Incremental Build of configuration Debug for project TGR2019 ****
Info: Internal Builder is used for build
Info: Parallel threads used: 0
